
> openclaw@2026.3.9 test /app
> node scripts/test-parallel.mjs


[1m[46m RUN [49m[22m [36mv4.0.18 [39m[90m/app[39m


[1m[46m RUN [49m[22m [36mv4.0.18 [39m[90m/app[39m

 [32m✓[39m src/memory/qmd-manager.test.ts [2m([22m[2m57 tests[22m[2m)[22m[33m 357[2mms[22m[39m
 [32m✓[39m src/secrets/runtime.test.ts [2m([22m[2m57 tests[22m[2m)[22m[32m 136[2mms[22m[39m
 [32m✓[39m src/slack/monitor/events/interactions.test.ts [2m([22m[2m21 tests[22m[2m)[22m[32m 83[2mms[22m[39m
 [32m✓[39m src/config/redact-snapshot.test.ts [2m([22m[2m40 tests[22m[2m)[22m[32m 130[2mms[22m[39m
 [32m✓[39m src/infra/heartbeat-runner.returns-default-unset.test.ts [2m([22m[2m25 tests[22m[2m)[22m[32m 159[2mms[22m[39m
 [32m✓[39m src/cron/service.issue-regressions.test.ts [2m([22m[2m38 tests[22m[2m)[22m[33m 617[2mms[22m[39m
 [32m✓[39m src/acp/control-plane/manager.test.ts [2m([22m[2m25 tests[22m[2m)[22m[32m 197[2mms[22m[39m
 [32m✓[39m src/node-host/invoke-system-run.test.ts [2m([22m[2m29 tests[22m[2m)[22m[32m 122[2mms[22m[39m
 [32m✓[39m src/plugins/loader.test.ts [2m([22m[2m44 tests[22m[2m)[22m[33m 9167[2mms[22m[39m
     [33m[2m✓[22m[39m supports legacy plugins importing monolithic plugin-sdk root [33m 8934[2mms[22m[39m
 [32m✓[39m src/infra/outbound/deliver.test.ts [2m([22m[2m40 tests[22m[2m)[22m[32m 121[2mms[22m[39m
 [32m✓[39m src/infra/outbound/outbound.test.ts [2m([22m[2m64 tests[22m[2m)[22m[32m 172[2mms[22m[39m
 [32m✓[39m src/channels/plugins/actions/actions.test.ts [2m([22m[2m44 tests[22m[2m)[22m[32m 71[2mms[22m[39m
 [32m✓[39m src/slack/monitor/slash.test.ts [2m([22m[2m27 tests[22m[2m)[22m[33m 3349[2mms[22m[39m
     [33m[2m✓[22m[39m dispatches the command when a menu button is clicked [33m 3096[2mms[22m[39m
 [32m✓[39m src/channels/plugins/onboarding/helpers.test.ts [2m([22m[2m59 tests[22m[2m)[22m[32m 40[2mms[22m[39m
 [32m✓[39m src/media-understanding/apply.test.ts [2m([22m[2m32 tests[22m[2m)[22m[32m 239[2mms[22m[39m
 [32m✓[39m src/infra/restart-stale-pids.test.ts [2m([22m[2m37 tests[22m[2m)[22m[32m 35[2mms[22m[39m
 [32m✓[39m src/config/schema.test.ts [2m([22m[2m20 tests[22m[2m)[22m[33m 1994[2mms[22m[39m
 [32m✓[39m src/infra/exec-approvals.test.ts [2m([22m[2m41 tests[22m[2m)[22m[32m 57[2mms[22m[39m
 [32m✓[39m test/scripts/ios-team-id.test.ts [2m([22m[2m3 tests[22m[2m)[22m[33m 410[2mms[22m[39m
     [33m[2m✓[22m[39m prints actionable guidance when Xcode account exists but no Team ID is resolvable [33m 372[2mms[22m[39m
 [32m✓[39m src/plugins/install.test.ts [2m([22m[2m22 tests[22m[2m)[22m[33m 493[2mms[22m[39m
 [32m✓[39m src/config/schema.help.quality.test.ts [2m([22m[2m20 tests[22m[2m)[22m[32m 98[2mms[22m[39m
 [32m✓[39m src/security/temp-path-guard.test.ts [2m([22m[2m3 tests[22m[2m)[22m[33m 668[2mms[22m[39m
     [33m[2m✓[22m[39m enforces runtime guardrails for tmpdir joins and weak randomness [33m 661[2mms[22m[39m
 [32m✓[39m src/daemon/systemd.test.ts [2m([22m[2m43 tests[22m[2m)[22m[32m 39[2mms[22m[39m
 [32m✓[39m src/acp/translator.session-rate-limit.test.ts [2m([22m[2m16 tests[22m[2m)[22m[32m 48[2mms[22m[39m
 [32m✓[39m src/infra/outbound/message-action-runner.test.ts [2m([22m[2m40 tests[22m[2m)[22m[32m 159[2mms[22m[39m
 [32m✓[39m src/security/audit.test.ts [2m([22m[2m95 tests[22m[2m)[22m[33m 489[2mms[22m[39m
 [32m✓[39m src/media/store.test.ts [2m([22m[2m24 tests[22m[2m)[22m[33m 361[2mms[22m[39m
 [32m✓[39m src/infra/git-commit.test.ts [2m([22m[2m13 tests[22m[2m)[22m[32m 191[2mms[22m[39m
 [32m✓[39m src/config/sessions.test.ts [2m([22m[2m37 tests[22m[2m)[22m[32m 134[2mms[22m[39m
 [32m✓[39m src/cron/service.runs-one-shot-main-job-disables-it.test.ts [2m([22m[2m14 tests[22m[2m)[22m[32m 137[2mms[22m[39m
 [32m✓[39m src/routing/resolve-route.test.ts [2m([22m[2m41 tests[22m[2m)[22m[32m 216[2mms[22m[39m
 [32m✓[39m src/slack/monitor/media.test.ts [2m([22m[2m28 tests[22m[2m)[22m[32m 153[2mms[22m[39m
 [32m✓[39m src/config/includes.test.ts [2m([22m[2m26 tests[22m[2m)[22m[32m 61[2mms[22m[39m
 [32m✓[39m src/security/windows-acl.test.ts [2m([22m[2m48 tests[22m[2m)[22m[32m 34[2mms[22m[39m
 [32m✓[39m src/hooks/install.test.ts [2m([22m[2m15 tests[22m[2m)[22m[32m 189[2mms[22m[39m
 [32m✓[39m src/infra/archive.test.ts [2m([22m[2m14 tests[22m[2m)[22m[32m 124[2mms[22m[39m
 [32m✓[39m src/config/config.legacy-config-detection.rejects-routing-allowfrom.test.ts [2m([22m[2m28 tests[22m[2m)[22m[32m 124[2mms[22m[39m
 [32m✓[39m src/security/fix.test.ts [2m([22m[2m5 tests[22m[2m)[22m[32m 107[2mms[22m[39m
 [32m✓[39m src/memory/embeddings.test.ts [2m([22m[2m23 tests[22m[2m)[22m[33m 1211[2mms[22m[39m
     [33m[2m✓[22m[39m retries initialization after a transient ensureContext failure [33m 365[2mms[22m[39m
     [33m[2m✓[22m[39m shares initialization when embedQuery and embedBatch start concurrently [33m 598[2mms[22m[39m
 [32m✓[39m src/slack/monitor/message-handler/prepare.test.ts [2m([22m[2m21 tests[22m[2m)[22m[32m 164[2mms[22m[39m
 [32m✓[39m src/infra/fs-safe.test.ts [2m([22m[2m32 tests[22m[2m)[22m[32m 206[2mms[22m[39m
 [32m✓[39m src/cli/program.smoke.test.ts [2m([22m[2m4 tests[22m[2m)[22m[32m 148[2mms[22m[39m
 [32m✓[39m src/process/supervisor/supervisor.test.ts [2m([22m[2m5 tests[22m[2m)[22m[32m 64[2mms[22m[39m
 [32m✓[39m src/tts/tts.test.ts [2m([22m[2m29 tests[22m[2m)[22m[32m 37[2mms[22m[39m
 [32m✓[39m src/cli/cron-cli.test.ts [2m([22m[2m35 tests[22m[2m)[22m[32m 143[2mms[22m[39m
 [32m✓[39m src/cli/command-secret-gateway.test.ts [2m([22m[2m21 tests[22m[2m)[22m[32m 41[2mms[22m[39m
 [32m✓[39m src/infra/update-runner.test.ts [2m([22m[2m16 tests[22m[2m)[22m[32m 88[2mms[22m[39m
 [32m✓[39m src/cli/daemon-cli.coverage.test.ts [2m([22m[2m5 tests[22m[2m)[22m[32m 63[2mms[22m[39m
 [32m✓[39m test/git-hooks-pre-commit.test.ts [2m([22m[2m1 test[22m[2m)[22m[32m 54[2mms[22m[39m
 [32m✓[39m src/acp/client.test.ts [2m([22m[2m34 tests[22m[2m)[22m[32m 42[2mms[22m[39m
 [32m✓[39m src/hooks/bundled/session-memory/handler.test.ts [2m([22m[2m17 tests[22m[2m)[22m[32m 287[2mms[22m[39m
 [32m✓[39m src/cli/update-cli.test.ts [2m([22m[2m26 tests[22m[2m)[22m[32m 41[2mms[22m[39m
 [32m✓[39m src/utils.test.ts [2m([22m[2m28 tests[22m[2m)[22m[32m 34[2mms[22m[39m
 [32m✓[39m src/plugins/tools.optional.test.ts [2m([22m[2m6 tests[22m[2m)[22m[32m 16[2mms[22m[39m
 [32m✓[39m src/imessage/monitor.shutdown.unhandled-rejection.test.ts [2m([22m[2m1 test[22m[2m)[22m[32m 9[2mms[22m[39m

[2m Test Files [22m [1m[32m19 passed[39m[22m[90m (19)[39m
[2m      Tests [22m [1m[32m339 passed[39m[22m[90m (339)[39m
[2m   Start at [22m 14:39:53
[2m   Duration [22m 71.26s[2m (transform 23.78s, setup 2.69s, import 47.18s, tests 17.48s, environment 3ms)[22m

 [32m✓[39m src/slack/monitor.tool-result.test.ts [2m([22m[2m25 tests[22m[2m)[22m[32m 202[2mms[22m[39m
 [32m✓[39m src/secrets/apply.test.ts [2m([22m[2m12 tests[22m[2m)[22m[32m 232[2mms[22m[39m
 [32m✓[39m src/cron/service.jobs.test.ts [2m([22m[2m34 tests[22m[2m)[22m[32m 53[2mms[22m[39m
 [32m✓[39m src/context-engine/context-engine.test.ts [2m([22m[2m24 tests[22m[2m)[22m[33m 6105[2mms[22m[39m
     [33m[2m✓[22m[39m plugin-sdk export path shares the same global registry [33m 6014[2mms[22m[39m
 [32m✓[39m src/infra/outbound/targets.test.ts [2m([22m[2m47 tests[22m[2m)[22m[32m 35[2mms[22m[39m
 [32m✓[39m src/config/io.write-config.test.ts [2m([22m[2m15 tests[22m[2m)[22m[32m 206[2mms[22m[39m
 [32m✓[39m src/acp/persistent-bindings.test.ts [2m([22m[2m18 tests[22m[2m)[22m[32m 25[2mms[22m[39m
 [32m✓[39m src/cron/isolated-agent.uses-last-non-empty-agent-text-as.test.ts [2m([22m[2m18 tests[22m[2m)[22m[32m 186[2mms[22m[39m
 [32m✓[39m src/daemon/service-env.test.ts [2m([22m[2m48 tests[22m[2m)[22m[32m 24[2mms[22m[39m
 [32m✓[39m src/cli/memory-cli.test.ts [2m([22m[2m24 tests[22m[2m)[22m[32m 136[2mms[22m[39m
 [32m✓[39m src/channels/plugins/plugins-core.test.ts [2m([22m[2m28 tests[22m[2m)[22m[32m 73[2mms[22m[39m
 [32m✓[39m ui/src/ui/controllers/chat.test.ts [2m([22m[2m25 tests[22m[2m)[22m[32m 21[2mms[22m[39m
 [32m✓[39m src/cron/isolated-agent/subagent-followup.test.ts [2m([22m[2m24 tests[22m[2m)[22m[32m 26[2mms[22m[39m
 [32m✓[39m src/cron/isolated-agent.model-formatting.test.ts [2m([22m[2m22 tests[22m[2m)[22m[32m 213[2mms[22m[39m
 [32m✓[39m src/signal/format.chunking.test.ts [2m([22m[2m21 tests[22m[2m)[22m[32m 69[2mms[22m[39m
 [32m✓[39m src/pairing/pairing-store.test.ts [2m([22m[2m17 tests[22m[2m)[22m[32m 174[2mms[22m[39m
 [32m✓[39m src/security/dm-policy-shared.test.ts [2m([22m[2m66 tests[22m[2m)[22m[32m 26[2mms[22m[39m
 [32m✓[39m src/secrets/audit.test.ts [2m([22m[2m14 tests[22m[2m)[22m[32m 241[2mms[22m[39m
 [32m✓[39m src/cron/normalize.test.ts [2m([22m[2m27 tests[22m[2m)[22m[32m 19[2mms[22m[39m
 [32m✓[39m src/daemon/launchd.test.ts [2m([22m[2m21 tests[22m[2m)[22m[32m 28[2mms[22m[39m
 [32m✓[39m src/cli/config-cli.test.ts [2m([22m[2m19 tests[22m[2m)[22m[32m 219[2mms[22m[39m
 [32m✓[39m src/hooks/internal-hooks.test.ts [2m([22m[2m30 tests[22m[2m)[22m[32m 23[2mms[22m[39m
 [32m✓[39m src/cron/isolated-agent.skips-delivery-without-whatsapp-recipient-besteffortdeliver-true.test.ts [2m([22m[2m14 tests[22m[2m)[22m[32m 244[2mms[22m[39m
 [32m✓[39m src/tui/tui-event-handlers.test.ts [2m([22m[2m17 tests[22m[2m)[22m[32m 25[2mms[22m[39m
 [32m✓[39m src/channels/status-reactions.test.ts [2m([22m[2m35 tests[22m[2m)[22m[32m 38[2mms[22m[39m
 [32m✓[39m src/cli/gateway-cli/run-loop.test.ts [2m([22m[2m8 tests[22m[2m)[22m[32m 60[2mms[22m[39m
 [32m✓[39m src/config/config.legacy-config-detection.accepts-imessage-dmpolicy.test.ts [2m([22m[2m30 tests[22m[2m)[22m[32m 140[2mms[22m[39m
 [32m✓[39m src/memory/index.test.ts [2m([22m[2m10 tests[22m[2m)[22m[33m 515[2mms[22m[39m
 [32m✓[39m src/wizard/onboarding.test.ts [2m([22m[2m7 tests[22m[2m)[22m[32m 136[2mms[22m[39m
 [32m✓[39m src/cli/qr-cli.test.ts [2m([22m[2m18 tests[22m[2m)[22m[32m 36[2mms[22m[39m
 [32m✓[39m src/infra/exec-approvals-safe-bins.test.ts [2m([22m[2m47 tests[22m[2m)[22m[32m 33[2mms[22m[39m
 [32m✓[39m src/security/external-content.test.ts [2m([22m[2m38 tests[22m[2m)[22m[32m 27[2mms[22m[39m
 [32m✓[39m src/infra/provider-usage.test.ts [2m([22m[2m15 tests[22m[2m)[22m[32m 60[2mms[22m[39m
 [32m✓[39m src/cron/service.restart-catchup.test.ts [2m([22m[2m8 tests[22m[2m)[22m[32m 117[2mms[22m[39m
 [32m✓[39m src/signal/monitor.tool-result.sends-tool-summaries-responseprefix.test.ts [2m([22m[2m16 tests[22m[2m)[22m[32m 88[2mms[22m[39m
 [32m✓[39m src/secrets/runtime-web-tools.test.ts [2m([22m[2m14 tests[22m[2m)[22m[32m 24[2mms[22m[39m
 [32m✓[39m src/plugins/uninstall.test.ts [2m([22m[2m23 tests[22m[2m)[22m[32m 63[2mms[22m[39m
 [32m✓[39m src/infra/session-cost-usage.test.ts [2m([22m[2m9 tests[22m[2m)[22m[32m 84[2mms[22m[39m
 [32m✓[39m src/plugins/discovery.test.ts [2m([22m[2m12 tests[22m[2m)[22m[32m 41[2mms[22m[39m
 [32m✓[39m src/infra/exec-approvals-allow-always.test.ts [2m([22m[2m16 tests[22m[2m)[22m[32m 37[2mms[22m[39m
 [32m✓[39m src/security/skill-scanner.test.ts [2m([22m[2m27 tests[22m[2m)[22m[32m 52[2mms[22m[39m
 [32m✓[39m src/infra/provider-usage.auth.normalizes-keys.test.ts [2m([22m[2m17 tests[22m[2m)[22m[32m 110[2mms[22m[39m
 [32m✓[39m src/secrets/resolve.test.ts [2m([22m[2m16 tests[22m[2m)[22m[32m 139[2mms[22m[39m
 [32m✓[39m src/slack/monitor/monitor.test.ts [2m([22m[2m24 tests[22m[2m)[22m[32m 123[2mms[22m[39m
 [32m✓[39m src/infra/exec-approval-forwarder.test.ts [2m([22m[2m15 tests[22m[2m)[22m[32m 50[2mms[22m[39m
 [32m✓[39m src/cli/update-cli/restart-helper.test.ts [2m([22m[2m20 tests[22m[2m)[22m[32m 65[2mms[22m[39m
 [32m✓[39m src/config/sessions/store.pruning.integration.test.ts [2m([22m[2m10 tests[22m[2m)[22m[32m 171[2mms[22m[39m
 [32m✓[39m src/config/sessions/sessions.test.ts [2m([22m[2m15 tests[22m[2m)[22m[32m 80[2mms[22m[39m
 [32m✓[39m src/config/env-substitution.test.ts [2m([22m[2m16 tests[22m[2m)[22m[32m 15[2mms[22m[39m
 [32m✓[39m src/infra/update-startup.test.ts [2m([22m[2m10 tests[22m[2m)[22m[32m 94[2mms[22m[39m
 [32m✓[39m src/memory/mmr.test.ts [2m([22m[2m25 tests[22m[2m)[22m[32m 19[2mms[22m[39m
 [32m✓[39m src/cli/argv.test.ts [2m([22m[2m51 tests[22m[2m)[22m[32m 18[2mms[22m[39m
 [32m✓[39m src/infra/heartbeat-runner.respects-ackmaxchars-heartbeat-acks.test.ts [2m([22m[2m12 tests[22m[2m)[22m[32m 152[2mms[22m[39m
 [32m✓[39m src/tui/gateway-chat.test.ts [2m([22m[2m16 tests[22m[2m)[22m[32m 189[2mms[22m[39m
 [32m✓[39m src/cron/isolated-agent/delivery-dispatch.double-announce.test.ts [2m([22m[2m8 tests[22m[2m)[22m[32m 28[2mms[22m[39m
 [32m✓[39m src/media-understanding/apply.echo-transcript.test.ts [2m([22m[2m10 tests[22m[2m)[22m[32m 91[2mms[22m[39m
 [32m✓[39m src/cron/isolated-agent/run.skill-filter.test.ts [2m([22m[2m13 tests[22m[2m)[22m[32m 37[2mms[22m[39m
 [32m✓[39m src/cli/daemon-cli/lifecycle.test.ts [2m([22m[2m7 tests[22m[2m)[22m[32m 152[2mms[22m[39m
 [32m✓[39m src/config/legacy-migrate.test.ts [2m([22m[2m20 tests[22m[2m)[22m[32m 51[2mms[22m[39m
 [32m✓[39m src/infra/heartbeat-wake.test.ts [2m([22m[2m13 tests[22m[2m)[22m[32m 28[2mms[22m[39m
 [32m✓[39m src/pairing/setup-code.test.ts [2m([22m[2m15 tests[22m[2m)[22m[32m 20[2mms[22m[39m
 [32m✓[39m src/plugin-sdk/webhook-targets.test.ts [2m([22m[2m20 tests[22m[2m)[22m[32m 25[2mms[22m[39m
 [32m✓[39m src/memory/manager.batch.test.ts [2m([22m[2m3 tests[22m[2m)[22m[32m 271[2mms[22m[39m
 [32m✓[39m src/config/config-misc.test.ts [2m([22m[2m32 tests[22m[2m)[22m[32m 71[2mms[22m[39m
 [32m✓[39m src/config/config.plugin-validation.test.ts [2m([22m[2m9 tests[22m[2m)[22m[32m 272[2mms[22m[39m
 [32m✓[39m src/tui/theme/theme.test.ts [2m([22m[2m25 tests[22m[2m)[22m[32m 40[2mms[22m[39m
 [32m✓[39m src/hooks/loader.test.ts [2m([22m[2m13 tests[22m[2m)[22m[32m 93[2mms[22m[39m
 [32m✓[39m src/infra/infra-runtime.test.ts [2m([22m[2m14 tests[22m[2m)[22m[32m 40[2mms[22m[39m
 [32m✓[39m src/node-host/invoke-system-run-plan.test.ts [2m([22m[2m11 tests[22m[2m)[22m[32m 31[2mms[22m[39m
 [32m✓[39m src/config/plugin-auto-enable.test.ts [2m([22m[2m20 tests[22m[2m)[22m[32m 40[2mms[22m[39m
 [32m✓[39m src/cron/isolated-agent/delivery-target.test.ts [2m([22m[2m16 tests[22m[2m)[22m[32m 22[2mms[22m[39m
 [32m✓[39m src/canvas-host/server.test.ts [2m([22m[2m6 tests[22m[2m)[22m[32m 161[2mms[22m[39m
 [32m✓[39m src/infra/bonjour.test.ts [2m([22m[2m7 tests[22m[2m)[22m[32m 27[2mms[22m[39m
 [32m✓[39m src/cli/daemon-cli/install.test.ts [2m([22m[2m6 tests[22m[2m)[22m[32m 17[2mms[22m[39m
 [32m✓[39m src/tui/components/searchable-select-list.test.ts [2m([22m[2m19 tests[22m[2m)[22m[32m 31[2mms[22m[39m
 [32m✓[39m src/infra/install-package-dir.test.ts [2m([22m[2m4 tests[22m[2m)[22m[32m 85[2mms[22m[39m
 [32m✓[39m src/infra/control-ui-assets.test.ts [2m([22m[2m13 tests[22m[2m)[22m[32m 27[2mms[22m[39m
 [32m✓[39m src/cli/daemon-cli/status.gather.test.ts [2m([22m[2m7 tests[22m[2m)[22m[32m 23[2mms[22m[39m
 [32m✓[39m src/cron/run-log.test.ts [2m([22m[2m11 tests[22m[2m)[22m[32m 78[2mms[22m[39m
 [32m✓[39m src/cli/gateway-cli/run.option-collisions.test.ts [2m([22m[2m9 tests[22m[2m)[22m[32m 181[2mms[22m[39m
 [32m✓[39m src/signal/monitor/event-handler.mention-gating.test.ts [2m([22m[2m15 tests[22m[2m)[22m[32m 65[2mms[22m[39m
 [32m✓[39m src/cli/program.force.test.ts [2m([22m[2m15 tests[22m[2m)[22m[32m 24[2mms[22m[39m
 [32m✓[39m src/memory/search-manager.test.ts [2m([22m[2m8 tests[22m[2m)[22m[32m 22[2mms[22m[39m
 [32m✓[39m src/daemon/schtasks.test.ts [2m([22m[2m22 tests[22m[2m)[22m[32m 47[2mms[22m[39m
 [32m✓[39m src/cli/devices-cli.test.ts [2m([22m[2m13 tests[22m[2m)[22m[32m 100[2mms[22m[39m
 [32m✓[39m src/process/command-queue.test.ts [2m([22m[2m16 tests[22m[2m)[22m[32m 74[2mms[22m[39m
 [32m✓[39m src/infra/outbound/message.channels.test.ts [2m([22m[2m8 tests[22m[2m)[22m[32m 36[2mms[22m[39m
 [32m✓[39m src/plugins/wired-hooks-compaction.test.ts [2m([22m[2m8 tests[22m[2m)[22m[32m 16[2mms[22m[39m
 [32m✓[39m src/channels/typing.test.ts [2m([22m[2m14 tests[22m[2m)[22m[32m 32[2mms[22m[39m
 [32m✓[39m src/cron/isolated-agent/session.test.ts [2m([22m[2m10 tests[22m[2m)[22m[32m 15[2mms[22m[39m
 [32m✓[39m src/media/input-files.fetch-guard.test.ts [2m([22m[2m10 tests[22m[2m)[22m[32m 68[2mms[22m[39m
 [32m✓[39m src/infra/shell-env.test.ts [2m([22m[2m13 tests[22m[2m)[22m[32m 19[2mms[22m[39m
 [32m✓[39m src/infra/bonjour-discovery.test.ts [2m([22m[2m4 tests[22m[2m)[22m[32m 19[2mms[22m[39m
 [32m✓[39m src/infra/npm-pack-install.test.ts [2m([22m[2m10 tests[22m[2m)[22m[32m 27[2mms[22m[39m
 [32m✓[39m src/infra/exec-approvals-config.test.ts [2m([22m[2m9 tests[22m[2m)[22m[32m 19[2mms[22m[39m
 [32m✓[39m src/imessage/monitor.gating.test.ts [2m([22m[2m9 tests[22m[2m)[22m[32m 24[2mms[22m[39m
 [32m✓[39m src/infra/tmp-openclaw-dir.test.ts [2m([22m[2m11 tests[22m[2m)[22m[32m 22[2mms[22m[39m
 [32m✓[39m src/cron/isolated-agent/run.cron-model-override.test.ts [2m([22m[2m6 tests[22m[2m)[22m[32m 35[2mms[22m[39m
 [32m✓[39m src/config/config.nix-integration-u3-u5-u9.test.ts [2m([22m[2m19 tests[22m[2m)[22m[32m 148[2mms[22m[39m
 [32m✓[39m src/memory/internal.test.ts [2m([22m[2m13 tests[22m[2m)[22m[32m 52[2mms[22m[39m
 [32m✓[39m src/hooks/message-hooks.test.ts [2m([22m[2m12 tests[22m[2m)[22m[32m 19[2mms[22m[39m
 [32m✓[39m src/infra/heartbeat-runner.scheduler.test.ts [2m([22m[2m8 tests[22m[2m)[22m[32m 39[2mms[22m[39m
 [32m✓[39m src/config/config.sandbox-docker.test.ts [2m([22m[2m21 tests[22m[2m)[22m[32m 34[2mms[22m[39m
 [32m✓[39m src/infra/install-source-utils.test.ts [2m([22m[2m13 tests[22m[2m)[22m[32m 54[2mms[22m[39m
 [32m✓[39m src/channels/plugins/group-policy-warnings.test.ts [2m([22m[2m10 tests[22m[2m)[22m[32m 12[2mms[22m[39m
 [32m✓[39m src/channels/plugins/onboarding/whatsapp.test.ts [2m([22m[2m8 tests[22m[2m)[22m[32m 40[2mms[22m[39m
 [32m✓[39m src/infra/device-pairing.test.ts [2m([22m[2m11 tests[22m[2m)[22m[32m 107[2mms[22m[39m
 [32m✓[39m src/cron/service.read-ops-nonblocking.test.ts [2m([22m[2m3 tests[22m[2m)[22m[32m 84[2mms[22m[39m
 [32m✓[39m src/infra/gateway-lock.test.ts [2m([22m[2m9 tests[22m[2m)[22m[32m 150[2mms[22m[39m
 [32m✓[39m src/wizard/onboarding.gateway-config.test.ts [2m([22m[2m7 tests[22m[2m)[22m[32m 70[2mms[22m[39m
 [32m✓[39m src/hooks/frontmatter.test.ts [2m([22m[2m20 tests[22m[2m)[22m[32m 48[2mms[22m[39m
 [32m✓[39m src/providers/google-shared.preserves-parameters-type-is-missing.test.ts [2m([22m[2m9 tests[22m[2m)[22m[32m 22[2mms[22m[39m
 [32m✓[39m src/tui/tui-formatters.test.ts [2m([22m[2m26 tests[22m[2m)[22m[32m 23[2mms[22m[39m
 [32m✓[39m src/cron/schedule.test.ts [2m([22m[2m22 tests[22m[2m)[22m[32m 65[2mms[22m[39m
 [32m✓[39m src/cron/service.issue-13992-regression.test.ts [2m([22m[2m9 tests[22m[2m)[22m[32m 27[2mms[22m[39m
 [32m✓[39m src/infra/host-env-security.test.ts [2m([22m[2m11 tests[22m[2m)[22m[32m 48[2mms[22m[39m
 [32m✓[39m src/signal/monitor/event-handler.inbound-contract.test.ts [2m([22m[2m7 tests[22m[2m)[22m[32m 108[2mms[22m[39m
 [32m✓[39m src/cli/nodes-cli.coverage.test.ts [2m([22m[2m5 tests[22m[2m)[22m[33m 603[2mms[22m[39m
 [32m✓[39m src/channels/plugins/group-mentions.test.ts [2m([22m[2m7 tests[22m[2m)[22m[32m 15[2mms[22m[39m
 [32m✓[39m src/cron/session-reaper.test.ts [2m([22m[2m16 tests[22m[2m)[22m[32m 56[2mms[22m[39m
 [32m✓[39m src/cron/isolated-agent.delivers-response-has-heartbeat-ok-but-includes.test.ts [2m([22m[2m4 tests[22m[2m)[22m[32m 112[2mms[22m[39m
 [32m✓[39m src/cli/nodes-camera.test.ts [2m([22m[2m17 tests[22m[2m)[22m[32m 51[2mms[22m[39m
 [32m✓[39m src/plugins/manifest-registry.test.ts [2m([22m[2m7 tests[22m[2m)[22m[32m 24[2mms[22m[39m
 [32m✓[39m src/cli/gateway-cli.coverage.test.ts [2m([22m[2m8 tests[22m[2m)[22m[32m 91[2mms[22m[39m
 [32m✓[39m src/infra/system-run-command.test.ts [2m([22m[2m23 tests[22m[2m)[22m[32m 18[2mms[22m[39m
 [32m✓[39m src/markdown/ir.nested-lists.test.ts [2m([22m[2m18 tests[22m[2m)[22m[32m 47[2mms[22m[39m
 [32m✓[39m src/infra/heartbeat-runner.ghost-reminder.test.ts [2m([22m[2m6 tests[22m[2m)[22m[32m 103[2mms[22m[39m
 [32m✓[39m src/infra/process-respawn.test.ts [2m([22m[2m14 tests[22m[2m)[22m[32m 19[2mms[22m[39m
 [32m✓[39m src/slack/monitor/events/messages.test.ts [2m([22m[2m10 tests[22m[2m)[22m[32m 19[2mms[22m[39m
 [32m✓[39m src/cli/program/register.agent.test.ts [2m([22m[2m13 tests[22m[2m)[22m[32m 83[2mms[22m[39m
 [32m✓[39m src/whatsapp/resolve-outbound-target.test.ts [2m([22m[2m21 tests[22m[2m)[22m[32m 15[2mms[22m[39m
 [32m✓[39m src/config/env-preserve.test.ts [2m([22m[2m16 tests[22m[2m)[22m[32m 12[2mms[22m[39m
 [32m✓[39m src/tui/tui-session-actions.test.ts [2m([22m[2m3 tests[22m[2m)[22m[32m 13[2mms[22m[39m
 [32m✓[39m src/memory/query-expansion.test.ts [2m([22m[2m26 tests[22m[2m)[22m[32m 22[2mms[22m[39m
 [32m✓[39m src/shared/text/reasoning-tags.test.ts [2m([22m[2m12 tests[22m[2m)[22m[32m 13[2mms[22m[39m
 [32m✓[39m src/infra/format-time/format-time.test.ts [2m([22m[2m32 tests[22m[2m)[22m[32m 41[2mms[22m[39m
 [32m✓[39m src/config/sessions.cache.test.ts [2m([22m[2m9 tests[22m[2m)[22m[32m 55[2mms[22m[39m
 [32m✓[39m src/cron/service.failure-alert.test.ts [2m([22m[2m4 tests[22m[2m)[22m[32m 135[2mms[22m[39m
 [32m✓[39m src/daemon/runtime-paths.test.ts [2m([22m[2m17 tests[22m[2m)[22m[32m 15[2mms[22m[39m
 [32m✓[39m src/media-understanding/providers/image.test.ts [2m([22m[2m4 tests[22m[2m)[22m[33m 2891[2mms[22m[39m
     [33m[2m✓[22m[39m routes minimax-portal image models through the MiniMax VLM endpoint [33m 2880[2mms[22m[39m
 [32m✓[39m src/cli/program/preaction.test.ts [2m([22m[2m6 tests[22m[2m)[22m[32m 68[2mms[22m[39m
 [32m✓[39m src/tui/tui.test.ts [2m([22m[2m24 tests[22m[2m)[22m[32m 26[2mms[22m[39m
 [32m✓[39m src/infra/infra-store.test.ts [2m([22m[2m15 tests[22m[2m)[22m[32m 39[2mms[22m[39m
 [32m✓[39m src/plugins/hooks.model-override-wiring.test.ts [2m([22m[2m6 tests[22m[2m)[22m[32m 18[2mms[22m[39m
 [32m✓[39m src/infra/net/ssrf.pinning.test.ts [2m([22m[2m15 tests[22m[2m)[22m[32m 30[2mms[22m[39m
 [32m✓[39m src/config/io.runtime-snapshot-write.test.ts [2m([22m[2m5 tests[22m[2m)[22m[32m 116[2mms[22m[39m
 [32m✓[39m src/channels/plugins/outbound/discord.test.ts [2m([22m[2m12 tests[22m[2m)[22m[32m 17[2mms[22m[39m
 [32m✓[39m src/cli/daemon-cli/restart-health.test.ts [2m([22m[2m9 tests[22m[2m)[22m[32m 22[2mms[22m[39m
 [32m✓[39m src/infra/net/fetch-guard.ssrf.test.ts [2m([22m[2m10 tests[22m[2m)[22m[32m 46[2mms[22m[39m
 [32m✓[39m src/plugins/voice-call.plugin.test.ts [2m([22m[2m7 tests[22m[2m)[22m[32m 26[2mms[22m[39m
 [32m✓[39m src/channels/plugins/plugins-channel.test.ts [2m([22m[2m21 tests[22m[2m)[22m[32m 23[2mms[22m[39m
 [32m✓[39m src/infra/boundary-path.test.ts [2m([22m[2m5 tests[22m[2m)[22m[32m 117[2mms[22m[39m
 [32m✓[39m src/markdown/ir.blockquote-spacing.test.ts [2m([22m[2m19 tests[22m[2m)[22m[32m 49[2mms[22m[39m
 [32m✓[39m src/daemon/service-audit.test.ts [2m([22m[2m16 tests[22m[2m)[22m[32m 30[2mms[22m[39m
 [32m✓[39m src/cli/skills-cli.test.ts [2m([22m[2m11 tests[22m[2m)[22m[32m 26[2mms[22m[39m
 [32m✓[39m src/cli/program/routes.test.ts [2m([22m[2m20 tests[22m[2m)[22m[32m 35[2mms[22m[39m
 [32m✓[39m src/memory/manager.mistral-provider.test.ts [2m([22m[2m3 tests[22m[2m)[22m[32m 100[2mms[22m[39m
 [32m✓[39m src/plugins/update.test.ts [2m([22m[2m6 tests[22m[2m)[22m[32m 159[2mms[22m[39m
 [32m✓[39m src/cli/program/message/helpers.test.ts [2m([22m[2m10 tests[22m[2m)[22m[32m 23[2mms[22m[39m
 [32m✓[39m src/wizard/onboarding.finalize.test.ts [2m([22m[2m2 tests[22m[2m)[22m[32m 119[2mms[22m[39m
 [32m✓[39m src/infra/tailscale.test.ts [2m([22m[2m12 tests[22m[2m)[22m[32m 22[2mms[22m[39m
 [32m✓[39m src/infra/unhandled-rejections.test.ts [2m([22m[2m32 tests[22m[2m)[22m[32m 15[2mms[22m[39m
 [32m✓[39m src/acp/server.startup.test.ts [2m([22m[2m4 tests[22m[2m)[22m[32m 224[2mms[22m[39m
 [32m✓[39m src/config/group-policy.test.ts [2m([22m[2m13 tests[22m[2m)[22m[32m 17[2mms[22m[39m
 [32m✓[39m src/channels/channel-config.test.ts [2m([22m[2m17 tests[22m[2m)[22m[32m 16[2mms[22m[39m
 [32m✓[39m src/infra/fetch.test.ts [2m([22m[2m9 tests[22m[2m)[22m[32m 48[2mms[22m[39m
 [32m✓[39m src/cron/service.store.migration.test.ts [2m([22m[2m6 tests[22m[2m)[22m[32m 118[2mms[22m[39m
 [32m✓[39m src/plugin-sdk/group-access.test.ts [2m([22m[2m17 tests[22m[2m)[22m[32m 13[2mms[22m[39m
 [32m✓[39m src/infra/push-apns.test.ts [2m([22m[2m8 tests[22m[2m)[22m[32m 25[2mms[22m[39m
 [32m✓[39m src/cli/pairing-cli.test.ts [2m([22m[2m12 tests[22m[2m)[22m[32m 56[2mms[22m[39m
 [32m✓[39m src/cron/service.persists-delivered-status.test.ts [2m([22m[2m6 tests[22m[2m)[22m[32m 116[2mms[22m[39m
 [32m✓[39m src/plugin-sdk/webhook-request-guards.test.ts [2m([22m[2m11 tests[22m[2m)[22m[32m 21[2mms[22m[39m
 [32m✓[39m src/infra/openclaw-root.test.ts [2m([22m[2m8 tests[22m[2m)[22m[32m 26[2mms[22m[39m
 [32m✓[39m src/infra/provider-usage.fetch.claude.test.ts [2m([22m[2m9 tests[22m[2m)[22m[32m 27[2mms[22m[39m
 [32m✓[39m src/infra/heartbeat-runner.model-override.test.ts [2m([22m[2m6 tests[22m[2m)[22m[32m 93[2mms[22m[39m
 [32m✓[39m src/config/talk.normalize.test.ts [2m([22m[2m7 tests[22m[2m)[22m[32m 42[2mms[22m[39m
 [32m✓[39m src/version.test.ts [2m([22m[2m10 tests[22m[2m)[22m[32m 44[2mms[22m[39m
 [32m✓[39m src/infra/heartbeat-visibility.test.ts [2m([22m[2m13 tests[22m[2m)[22m[32m 10[2mms[22m[39m
 [32m✓[39m src/config/config.identity-defaults.test.ts [2m([22m[2m7 tests[22m[2m)[22m[32m 83[2mms[22m[39m
 [32m✓[39m src/infra/path-env.test.ts [2m([22m[2m5 tests[22m[2m)[22m[32m 23[2mms[22m[39m
 [32m✓[39m ui/src/ui/controllers/agents.test.ts [2m([22m[2m7 tests[22m[2m)[22m[32m 14[2mms[22m[39m
 [32m✓[39m src/process/supervisor/adapters/pty.test.ts [2m([22m[2m9 tests[22m[2m)[22m[32m 30[2mms[22m[39m
 [32m✓[39m src/infra/exec-obfuscation-detect.test.ts [2m([22m[2m22 tests[22m[2m)[22m[32m 23[2mms[22m[39m
 [32m✓[39m src/secrets/runtime.coverage.test.ts [2m([22m[2m2 tests[22m[2m)[22m[32m 37[2mms[22m[39m
 [32m✓[39m src/tui/tui-command-handlers.test.ts [2m([22m[2m6 tests[22m[2m)[22m[32m 34[2mms[22m[39m
 [32m✓[39m src/infra/outbound/message-action-runner.threading.test.ts [2m([22m[2m7 tests[22m[2m)[22m[32m 45[2mms[22m[39m
 [32m✓[39m src/cron/service.every-jobs-fire.test.ts [2m([22m[2m3 tests[22m[2m)[22m[32m 119[2mms[22m[39m
 [32m✓[39m src/cron/service/jobs.schedule-error-isolation.test.ts [2m([22m[2m8 tests[22m[2m)[22m[32m 57[2mms[22m[39m
 [32m✓[39m src/slack/monitor/message-handler.app-mention-race.test.ts [2m([22m[2m4 tests[22m[2m)[22m[32m 9[2mms[22m[39m
 [32m✓[39m src/cli/browser-cli-extension.test.ts [2m([22m[2m4 tests[22m[2m)[22m[32m 50[2mms[22m[39m
 [32m✓[39m src/plugins/hooks.before-agent-start.test.ts [2m([22m[2m10 tests[22m[2m)[22m[32m 11[2mms[22m[39m
 [32m✓[39m src/cron/service.store-migration.test.ts [2m([22m[2m3 tests[22m[2m)[22m[32m 76[2mms[22m[39m
 [32m✓[39m src/cron/service.armtimer-tight-loop.test.ts [2m([22m[2m3 tests[22m[2m)[22m[32m 24[2mms[22m[39m
 [32m✓[39m src/channels/dock.test.ts [2m([22m[2m8 tests[22m[2m)[22m[32m 16[2mms[22m[39m
 [32m✓[39m src/plugin-sdk/subpaths.test.ts [2m([22m[2m11 tests[22m[2m)[22m[33m 449[2mms[22m[39m
     [33m[2m✓[22m[39m resolves bundled extension subpaths [33m 428[2mms[22m[39m
 [32m✓[39m src/acp/translator.prompt-prefix.test.ts [2m([22m[2m4 tests[22m[2m)[22m[32m 21[2mms[22m[39m
 [32m✓[39m src/infra/ports.test.ts [2m([22m[2m7 tests[22m[2m)[22m[32m 34[2mms[22m[39m
 [32m✓[39m src/config/env-preserve-io.test.ts [2m([22m[2m4 tests[22m[2m)[22m[32m 88[2mms[22m[39m
 [32m✓[39m src/config/config.web-search-provider.test.ts [2m([22m[2m18 tests[22m[2m)[22m[32m 24[2mms[22m[39m
 [32m✓[39m src/config/paths.test.ts [2m([22m[2m10 tests[22m[2m)[22m[32m 27[2mms[22m[39m
 [32m✓[39m src/hooks/workspace.test.ts [2m([22m[2m5 tests[22m[2m)[22m[32m 29[2mms[22m[39m
 [32m✓[39m src/cron/delivery.test.ts [2m([22m[2m11 tests[22m[2m)[22m[32m 12[2mms[22m[39m
 [32m✓[39m src/secrets/configure-plan.test.ts [2m([22m[2m6 tests[22m[2m)[22m[32m 28[2mms[22m[39m
 [32m✓[39m src/config/merge-patch.test.ts [2m([22m[2m6 tests[22m[2m)[22m[32m 11[2mms[22m[39m
 [32m✓[39m src/cli/secrets-cli.test.ts [2m([22m[2m5 tests[22m[2m)[22m[32m 21[2mms[22m[39m
 [32m✓[39m src/tui/osc8-hyperlinks.test.ts [2m([22m[2m19 tests[22m[2m)[22m[32m 15[2mms[22m[39m
 [32m✓[39m src/infra/outbound/session-binding-service.test.ts [2m([22m[2m6 tests[22m[2m)[22m[32m 15[2mms[22m[39m
 [32m✓[39m src/cron/store.test.ts [2m([22m[2m10 tests[22m[2m)[22m[32m 48[2mms[22m[39m
 [32m✓[39m src/infra/exec-safe-bin-policy.test.ts [2m([22m[2m84 tests[22m[2m)[22m[32m 22[2mms[22m[39m
 [32m✓[39m src/memory/batch-voyage.test.ts [2m([22m[2m2 tests[22m[2m)[22m[32m 224[2mms[22m[39m
 [32m✓[39m src/cli/browser-cli-state.option-collisions.test.ts [2m([22m[2m9 tests[22m[2m)[22m[32m 25[2mms[22m[39m
 [32m✓[39m src/infra/unhandled-rejections.fatal-detection.test.ts [2m([22m[2m6 tests[22m[2m)[22m[32m 31[2mms[22m[39m
 [32m✓[39m src/plugins/schema-validator.test.ts [2m([22m[2m7 tests[22m[2m)[22m[32m 126[2mms[22m[39m
 [32m✓[39m src/config/io.compat.test.ts [2m([22m[2m7 tests[22m[2m)[22m[32m 59[2mms[22m[39m
 [32m✓[39m src/slack/monitor/events/reactions.test.ts [2m([22m[2m9 tests[22m[2m)[22m[32m 17[2mms[22m[39m
 [32m✓[39m src/cron/isolated-agent.subagent-model.test.ts [2m([22m[2m4 tests[22m[2m)[22m[32m 80[2mms[22m[39m
 [32m✓[39m src/config/schema.hints.test.ts [2m([22m[2m7 tests[22m[2m)[22m[32m 132[2mms[22m[39m
 [32m✓[39m src/slack/send.blocks.test.ts [2m([22m[2m12 tests[22m[2m)[22m[32m 33[2mms[22m[39m
 [32m✓[39m src/logging/subsystem.test.ts [2m([22m[2m11 tests[22m[2m)[22m[32m 14[2mms[22m[39m
 [32m✓[39m src/slack/send.upload.test.ts [2m([22m[2m5 tests[22m[2m)[22m[32m 33[2mms[22m[39m
 [32m✓[39m src/media-understanding/runner.auto-audio.test.ts [2m([22m[2m4 tests[22m[2m)[22m[32m 45[2mms[22m[39m
 [32m✓[39m src/cli/daemon-cli/lifecycle-core.test.ts [2m([22m[2m5 tests[22m[2m)[22m[32m 58[2mms[22m[39m
 [32m✓[39m src/cli/program/command-registry.test.ts [2m([22m[2m9 tests[22m[2m)[22m[32m 47[2mms[22m[39m
 [32m✓[39m src/cron/service.session-reaper-in-finally.test.ts [2m([22m[2m3 tests[22m[2m)[22m[32m 63[2mms[22m[39m
 [32m✓[39m src/terminal/table.test.ts [2m([22m[2m12 tests[22m[2m)[22m[32m 24[2mms[22m[39m
 [32m✓[39m src/cli/profile.test.ts [2m([22m[2m19 tests[22m[2m)[22m[32m 13[2mms[22m[39m
 [32m✓[39m src/cli/cron-cli/shared.test.ts [2m([22m[2m9 tests[22m[2m)[22m[32m 15[2mms[22m[39m
 [32m✓[39m src/cli/daemon-cli/lifecycle-core.config-guard.test.ts [2m([22m[2m6 tests[22m[2m)[22m[32m 61[2mms[22m[39m
 [32m✓[39m src/config/config.backup-rotation.test.ts [2m([22m[2m4 tests[22m[2m)[22m[32m 64[2mms[22m[39m
 [32m✓[39m src/cron/service.issue-16156-list-skips-cron.test.ts [2m([22m[2m3 tests[22m[2m)[22m[32m 97[2mms[22m[39m
 [32m✓[39m src/infra/http-body.test.ts [2m([22m[2m9 tests[22m[2m)[22m[32m 17[2mms[22m[39m
 [32m✓[39m src/memory/backend-config.test.ts [2m([22m[2m7 tests[22m[2m)[22m[32m 12[2mms[22m[39m
 [32m✓[39m src/memory/temporal-decay.test.ts [2m([22m[2m6 tests[22m[2m)[22m[32m 19[2mms[22m[39m
 [32m✓[39m src/docker-build-cache.test.ts [2m([22m[2m7 tests[22m[2m)[22m[32m 31[2mms[22m[39m
 [32m✓[39m src/cli/qr-dashboard.integration.test.ts [2m([22m[2m2 tests[22m[2m)[22m[32m 30[2mms[22m[39m
 [32m✓[39m src/media/mime.test.ts [2m([22m[2m44 tests[22m[2m)[22m[32m 45[2mms[22m[39m
 [32m✓[39m src/infra/outbound/cfg-threading.guard.test.ts [2m([22m[2m2 tests[22m[2m)[22m[32m 20[2mms[22m[39m
 [32m✓[39m src/cli/npm-resolution.test.ts [2m([22m[2m8 tests[22m[2m)[22m[32m 9[2mms[22m[39m
 [32m✓[39m src/infra/infra-parsing.test.ts [2m([22m[2m16 tests[22m[2m)[22m[32m 13[2mms[22m[39m
 [32m✓[39m src/cli/ports.test.ts [2m([22m[2m7 tests[22m[2m)[22m[32m 13[2mms[22m[39m
 [32m✓[39m test/release-check.test.ts [2m([22m[2m8 tests[22m[2m)[22m[32m 12[2mms[22m[39m
 [32m✓[39m src/channels/plugins/outbound/slack.test.ts [2m([22m[2m7 tests[22m[2m)[22m[32m 15[2mms[22m[39m
 [32m✓[39m src/media-understanding/runner.skip-tiny-audio.test.ts [2m([22m[2m3 tests[22m[2m)[22m[32m 33[2mms[22m[39m
 [32m✓[39m src/tui/tui-stream-assembler.test.ts [2m([22m[2m12 tests[22m[2m)[22m[32m 14[2mms[22m[39m
 [32m✓[39m src/cli/logs-cli.test.ts [2m([22m[2m11 tests[22m[2m)[22m[32m 33[2mms[22m[39m
 [32m✓[39m src/cli/program/register.status-health-sessions.test.ts [2m([22m[2m9 tests[22m[2m)[22m[32m 85[2mms[22m[39m
 [32m✓[39m src/cli/acp-cli.option-collisions.test.ts [2m([22m[2m7 tests[22m[2m)[22m[32m 62[2mms[22m[39m
 [32m✓[39m src/logger.test.ts [2m([22m[2m9 tests[22m[2m)[22m[32m 58[2mms[22m[39m
 [32m✓[39m src/hooks/message-hook-mappers.test.ts [2m([22m[2m5 tests[22m[2m)[22m[32m 10[2mms[22m[39m
 [32m✓[39m src/secrets/runtime-gateway-auth-surfaces.test.ts [2m([22m[2m9 tests[22m[2m)[22m[32m 12[2mms[22m[39m
 [32m✓[39m src/routing/session-key.test.ts [2m([22m[2m18 tests[22m[2m)[22m[32m 13[2mms[22m[39m
 [32m✓[39m src/daemon/schtasks.install.test.ts [2m([22m[2m3 tests[22m[2m)[22m[32m 41[2mms[22m[39m
 [32m✓[39m src/memory/manager.embedding-batches.test.ts [2m([22m[2m5 tests[22m[2m)[22m[32m 262[2mms[22m[39m
 [32m✓[39m src/config/config.env-vars.test.ts [2m([22m[2m7 tests[22m[2m)[22m[32m 25[2mms[22m[39m
 [32m✓[39m src/cron/isolated-agent/helpers.test.ts [2m([22m[2m20 tests[22m[2m)[22m[32m 12[2mms[22m[39m
 [32m✓[39m src/infra/restart-sentinel.test.ts [2m([22m[2m9 tests[22m[2m)[22m[32m 23[2mms[22m[39m
 [32m✓[39m src/channels/plugins/whatsapp-heartbeat.test.ts [2m([22m[2m8 tests[22m[2m)[22m[32m 11[2mms[22m[39m
 [32m✓[39m src/channels/ack-reactions.test.ts [2m([22m[2m8 tests[22m[2m)[22m[32m 9[2mms[22m[39m
 [32m✓[39m src/cli/program/config-guard.test.ts [2m([22m[2m8 tests[22m[2m)[22m[32m 25[2mms[22m[39m
 [32m✓[39m src/plugins/wired-hooks-subagent.test.ts [2m([22m[2m6 tests[22m[2m)[22m[32m 13[2mms[22m[39m
 [32m✓[39m src/slack/threading-tool-context.test.ts [2m([22m[2m12 tests[22m[2m)[22m[32m 10[2mms[22m[39m
 [32m✓[39m src/shared/shared-misc.test.ts [2m([22m[2m16 tests[22m[2m)[22m[32m 14[2mms[22m[39m
 [32m✓[39m src/infra/system-events.test.ts [2m([22m[2m11 tests[22m[2m)[22m[32m 23[2mms[22m[39m
 [32m✓[39m src/channels/plugins/onboarding/channel-access-configure.test.ts [2m([22m[2m3 tests[22m[2m)[22m[32m 13[2mms[22m[39m
 [32m✓[39m src/cron/isolated-agent.direct-delivery-core-channels.test.ts [2m([22m[2m4 tests[22m[2m)[22m[32m 92[2mms[22m[39m
 [32m✓[39m src/cli/program/help.test.ts [2m([22m[2m4 tests[22m[2m)[22m[32m 33[2mms[22m[39m
 [32m✓[39m src/node-host/exec-policy.test.ts [2m([22m[2m12 tests[22m[2m)[22m[32m 10[2mms[22m[39m
 [32m✓[39m src/cli/program/register.subclis.test.ts [2m([22m[2m6 tests[22m[2m)[22m[32m 20[2mms[22m[39m
 [32m✓[39m src/plugin-sdk/persistent-dedupe.test.ts [2m([22m[2m6 tests[22m[2m)[22m[32m 57[2mms[22m[39m
 [32m✓[39m src/plugins/http-registry.test.ts [2m([22m[2m6 tests[22m[2m)[22m[32m 16[2mms[22m[39m
 [32m✓[39m src/plugins/bundled-sources.test.ts [2m([22m[2m4 tests[22m[2m)[22m[32m 9[2mms[22m[39m
 [32m✓[39m src/cli/channel-auth.test.ts [2m([22m[2m7 tests[22m[2m)[22m[32m 19[2mms[22m[39m
 [32m✓[39m src/config/config.allowlist-requires-allowfrom.test.ts [2m([22m[2m14 tests[22m[2m)[22m[32m 70[2mms[22m[39m
 [32m✓[39m src/config/model-alias-defaults.test.ts [2m([22m[2m7 tests[22m[2m)[22m[32m 10[2mms[22m[39m
 [32m✓[39m src/plugin-sdk/status-helpers.test.ts [2m([22m[2m10 tests[22m[2m)[22m[32m 10[2mms[22m[39m
 [32m✓[39m src/daemon/constants.test.ts [2m([22m[2m19 tests[22m[2m)[22m[32m 12[2mms[22m[39m
 [32m✓[39m ui/src/ui/views/usage-render-details.test.ts [2m([22m[2m8 tests[22m[2m)[22m[32m 9[2mms[22m[39m
 [32m✓[39m src/slack/monitor/message-handler/prepare.thread-session-key.test.ts [2m([22m[2m4 tests[22m[2m)[22m[32m 101[2mms[22m[39m
 [32m✓[39m src/process/supervisor/adapters/child.test.ts [2m([22m[2m5 tests[22m[2m)[22m[32m 15[2mms[22m[39m
 [32m✓[39m src/cli/program/register.message.test.ts [2m([22m[2m2 tests[22m[2m)[22m[32m 101[2mms[22m[39m
 [32m✓[39m src/memory/embeddings-voyage.test.ts [2m([22m[2m4 tests[22m[2m)[22m[32m 55[2mms[22m[39m
 [32m✓[39m src/cli/daemon-cli/install.integration.test.ts [2m([22m[2m2 tests[22m[2m)[22m[32m 283[2mms[22m[39m
 [32m✓[39m src/infra/provider-usage.fetch.minimax.test.ts [2m([22m[2m8 tests[22m[2m)[22m[32m 24[2mms[22m[39m
 [32m✓[39m src/cron/isolated-agent.delivery-target-thread-session.test.ts [2m([22m[2m6 tests[22m[2m)[22m[32m 12[2mms[22m[39m
 [32m✓[39m src/cli/browser-cli-inspect.test.ts [2m([22m[2m5 tests[22m[2m)[22m[32m 35[2mms[22m[39m
 [32m✓[39m src/infra/exec-safe-bin-runtime-policy.test.ts [2m([22m[2m16 tests[22m[2m)[22m[32m 18[2mms[22m[39m
 [32m✓[39m src/config/config.secrets-schema.test.ts [2m([22m[2m8 tests[22m[2m)[22m[32m 24[2mms[22m[39m
 [32m✓[39m src/node-host/runner.credentials.test.ts [2m([22m[2m6 tests[22m[2m)[22m[32m 18[2mms[22m[39m
 [32m✓[39m src/logging/console-capture.test.ts [2m([22m[2m9 tests[22m[2m)[22m[32m 60[2mms[22m[39m
 [32m✓[39m src/markdown/ir.hr-spacing.test.ts [2m([22m[2m13 tests[22m[2m)[22m[32m 39[2mms[22m[39m
 [32m✓[39m src/infra/windows-task-restart.test.ts [2m([22m[2m4 tests[22m[2m)[22m[32m 17[2mms[22m[39m
 [32m✓[39m src/cron/service.rearm-timer-when-running.test.ts [2m([22m[2m2 tests[22m[2m)[22m[32m 42[2mms[22m[39m
 [32m✓[39m src/cli/gateway-cli/register.option-collisions.test.ts [2m([22m[2m2 tests[22m[2m)[22m[32m 31[2mms[22m[39m
 [32m✓[39m src/media-understanding/media-understanding-misc.test.ts [2m([22m[2m7 tests[22m[2m)[22m[32m 46[2mms[22m[39m
 [32m✓[39m src/infra/net/proxy-fetch.test.ts [2m([22m[2m7 tests[22m[2m)[22m[32m 15[2mms[22m[39m
 [32m✓[39m src/cli/run-main.test.ts [2m([22m[2m14 tests[22m[2m)[22m[32m 20[2mms[22m[39m
 [32m✓[39m src/imessage/monitor/deliver.test.ts [2m([22m[2m3 tests[22m[2m)[22m[32m 14[2mms[22m[39m
 [32m✓[39m src/process/exec.test.ts [2m([22m[2m8 tests[22m[2m | [22m[33m2 skipped[39m[2m)[22m[32m 34[2mms[22m[39m
 [32m✓[39m src/imessage/send.test.ts [2m([22m[2m11 tests[22m[2m)[22m[32m 34[2mms[22m[39m
 [32m✓[39m src/memory/manager.read-file.test.ts [2m([22m[2m4 tests[22m[2m)[22m[32m 134[2mms[22m[39m
 [32m✓[39m src/channels/allowlists/resolve-utils.test.ts [2m([22m[2m10 tests[22m[2m)[22m[32m 12[2mms[22m[39m
 [32m✓[39m src/slack/monitor/message-handler.test.ts [2m([22m[2m4 tests[22m[2m)[22m[32m 12[2mms[22m[39m
 [32m✓[39m src/infra/outbound/sanitize-text.test.ts [2m([22m[2m27 tests[22m[2m)[22m[32m 12[2mms[22m[39m
 [32m✓[39m src/memory/manager.readonly-recovery.test.ts [2m([22m[2m4 tests[22m[2m)[22m[32m 145[2mms[22m[39m
 [32m✓[39m src/infra/outbound/bound-delivery-router.test.ts [2m([22m[2m5 tests[22m[2m)[22m[32m 10[2mms[22m[39m
 [32m✓[39m src/hooks/bundled/boot-md/handler.test.ts [2m([22m[2m7 tests[22m[2m)[22m[32m 14[2mms[22m[39m
 [32m✓[39m src/cron/isolated-agent/run.sandbox-config-preserved.test.ts [2m([22m[2m2 tests[22m[2m)[22m[32m 21[2mms[22m[39m
 [32m✓[39m src/slack/monitor/events/pins.test.ts [2m([22m[2m7 tests[22m[2m)[22m[32m 21[2mms[22m[39m
 [32m✓[39m src/infra/net/ssrf.test.ts [2m([22m[2m9 tests[22m[2m)[22m[32m 41[2mms[22m[39m
 [32m✓[39m src/infra/outbound/outbound-send-service.test.ts [2m([22m[2m4 tests[22m[2m)[22m[32m 14[2mms[22m[39m
 [32m✓[39m src/slack/actions.download-file.test.ts [2m([22m[2m5 tests[22m[2m)[22m[32m 20[2mms[22m[39m
 [32m✓[39m src/cli/nodes-cli/register.invoke.nodes-run-approval-timeout.test.ts [2m([22m[2m4 tests[22m[2m)[22m[32m 18[2mms[22m[39m
 [32m✓[39m src/slack/monitor/events/members.test.ts [2m([22m[2m7 tests[22m[2m)[22m[32m 13[2mms[22m[39m
 [32m✓[39m src/tui/tui.submit-handler.test.ts [2m([22m[2m11 tests[22m[2m)[22m[32m 20[2mms[22m[39m
 [32m✓[39m src/slack/draft-stream.test.ts [2m([22m[2m7 tests[22m[2m)[22m[32m 16[2mms[22m[39m
 [32m✓[39m src/config/config.schema-regressions.test.ts [2m([22m[2m13 tests[22m[2m)[22m[32m 39[2mms[22m[39m
 [32m✓[39m src/utils/delivery-context.test.ts [2m([22m[2m7 tests[22m[2m)[22m[32m 12[2mms[22m[39m
 [32m✓[39m src/shared/pid-alive.test.ts [2m([22m[2m9 tests[22m[2m)[22m[32m 15[2mms[22m[39m
 [32m✓[39m src/logging/diagnostic.test.ts [2m([22m[2m7 tests[22m[2m)[22m[32m 33[2mms[22m[39m
 [32m✓[39m src/media-understanding/resolve.test.ts [2m([22m[2m6 tests[22m[2m)[22m[32m 11[2mms[22m[39m
 [32m✓[39m src/infra/net/undici-global-dispatcher.test.ts [2m([22m[2m5 tests[22m[2m)[22m[32m 11[2mms[22m[39m
 [32m✓[39m src/cli/exec-approvals-cli.test.ts [2m([22m[2m3 tests[22m[2m)[22m[32m 26[2mms[22m[39m
 [32m✓[39m src/channels/plugins/outbound/telegram.test.ts [2m([22m[2m4 tests[22m[2m)[22m[32m 14[2mms[22m[39m
 [32m✓[39m src/infra/install-flow.test.ts [2m([22m[2m5 tests[22m[2m)[22m[32m 21[2mms[22m[39m
 [32m✓[39m src/media/server.test.ts [2m([22m[2m9 tests[22m[2m)[22m[32m 134[2mms[22m[39m
 [32m✓[39m src/infra/outbound/agent-delivery.test.ts [2m([22m[2m6 tests[22m[2m)[22m[32m 11[2mms[22m[39m
 [32m✓[39m src/acp/session.test.ts [2m([22m[2m5 tests[22m[2m)[22m[32m 10[2mms[22m[39m
 [32m✓[39m src/config/thread-bindings-config-keys.test.ts [2m([22m[2m5 tests[22m[2m)[22m[32m 29[2mms[22m[39m
 [32m✓[39m src/config/config.pruning-defaults.test.ts [2m([22m[2m6 tests[22m[2m)[22m[32m 64[2mms[22m[39m
 [32m✓[39m src/cli/program/register.onboard.test.ts [2m([22m[2m7 tests[22m[2m)[22m[32m 78[2mms[22m[39m
 [32m✓[39m src/config/sessions/store.session-key-normalization.test.ts [2m([22m[2m4 tests[22m[2m)[22m[32m 56[2mms[22m[39m
 [32m✓[39m src/imessage/monitor/reflection-guard.test.ts [2m([22m[2m16 tests[22m[2m)[22m[32m 14[2mms[22m[39m
 [32m✓[39m src/cron/cron-protocol-conformance.test.ts [2m([22m[2m3 tests[22m[2m)[22m[32m 15[2mms[22m[39m
 [32m✓[39m src/plugin-sdk/webhook-memory-guards.test.ts [2m([22m[2m9 tests[22m[2m)[22m[32m 11[2mms[22m[39m
 [32m✓[39m src/infra/abort-pattern.test.ts [2m([22m[2m6 tests[22m[2m)[22m[32m 12[2mms[22m[39m
 [32m✓[39m src/channels/session.test.ts [2m([22m[2m4 tests[22m[2m)[22m[32m 16[2mms[22m[39m
 [32m✓[39m src/media-understanding/providers/google/video.test.ts [2m([22m[2m2 tests[22m[2m)[22m[32m 17[2mms[22m[39m
 [32m✓[39m src/infra/restart.test.ts [2m([22m[2m5 tests[22m[2m)[22m[33m 4025[2mms[22m[39m
     [33m[2m✓[22m[39m kills stale gateway pids discovered on the gateway port [33m 2005[2mms[22m[39m
     [33m[2m✓[22m[39m uses explicit port override when provided [33m 2006[2mms[22m[39m
 [32m✓[39m src/utils/utils-misc.test.ts [2m([22m[2m22 tests[22m[2m)[22m[32m 13[2mms[22m[39m
 [32m✓[39m src/config/config.compaction-settings.test.ts [2m([22m[2m5 tests[22m[2m)[22m[32m 61[2mms[22m[39m
 [32m✓[39m src/plugins/config-state.test.ts [2m([22m[2m12 tests[22m[2m)[22m[32m 10[2mms[22m[39m
 [32m✓[39m src/memory/embeddings-ollama.test.ts [2m([22m[2m4 tests[22m[2m)[22m[32m 24[2mms[22m[39m
 [32m✓[39m src/config/channel-capabilities.test.ts [2m([22m[2m6 tests[22m[2m)[22m[32m 9[2mms[22m[39m
 [32m✓[39m src/media-understanding/runner.video.test.ts [2m([22m[2m2 tests[22m[2m)[22m[32m 27[2mms[22m[39m
 [32m✓[39m src/utils/queue-helpers.test.ts [2m([22m[2m8 tests[22m[2m)[22m[32m 13[2mms[22m[39m
 [32m✓[39m src/cron/service.skips-main-jobs-empty-systemevent-text.test.ts [2m([22m[2m3 tests[22m[2m)[22m[32m 50[2mms[22m[39m
 [32m✓[39m src/media-understanding/runner.proxy.test.ts [2m([22m[2m3 tests[22m[2m)[22m[32m 29[2mms[22m[39m
 [32m✓[39m src/infra/brew.test.ts [2m([22m[2m5 tests[22m[2m)[22m[32m 28[2mms[22m[39m
 [32m✓[39m src/process/kill-tree.test.ts [2m([22m[2m4 tests[22m[2m)[22m[32m 16[2mms[22m[39m
 [32m✓[39m src/cron/service.jobs.top-of-hour-stagger.test.ts [2m([22m[2m6 tests[22m[2m)[22m[32m 42[2mms[22m[39m
 [32m✓[39m src/cli/program/register.maintenance.test.ts [2m([22m[2m7 tests[22m[2m)[22m[32m 30[2mms[22m[39m
 [32m✓[39m src/channels/plugins/outbound/direct-text-media.sendpayload.test.ts [2m([22m[2m5 tests[22m[2m)[22m[32m 15[2mms[22m[39m
 [32m✓[39m src/cron/delivery.failure-notify.test.ts [2m([22m[2m3 tests[22m[2m)[22m[32m 18[2mms[22m[39m
 [32m✓[39m src/scripts/ci-changed-scope.test.ts [2m([22m[2m9 tests[22m[2m)[22m[32m 19[2mms[22m[39m
 [32m✓[39m test/scripts/check-channel-agnostic-boundaries.test.ts [2m([22m[2m11 tests[22m[2m)[22m[32m 30[2mms[22m[39m
 [32m✓[39m src/infra/provider-usage.fetch.codex.test.ts [2m([22m[2m5 tests[22m[2m)[22m[32m 17[2mms[22m[39m
 [32m✓[39m src/hooks/gmail.test.ts [2m([22m[2m8 tests[22m[2m)[22m[32m 11[2mms[22m[39m
 [32m✓[39m src/cli/cli-utils.test.ts [2m([22m[2m11 tests[22m[2m)[22m[32m 28[2mms[22m[39m
 [32m✓[39m src/cron/service.delivery-plan.test.ts [2m([22m[2m3 tests[22m[2m)[22m[32m 52[2mms[22m[39m
 [32m✓[39m src/config/sessions/store.pruning.test.ts [2m([22m[2m4 tests[22m[2m)[22m[32m 28[2mms[22m[39m
 [32m✓[39m src/cli/skills-cli.commands.test.ts [2m([22m[2m5 tests[22m[2m)[22m[32m 37[2mms[22m[39m
 [32m✓[39m src/sessions/model-overrides.test.ts [2m([22m[2m4 tests[22m[2m)[22m[32m 8[2mms[22m[39m
 [32m✓[39m src/config/commands.test.ts [2m([22m[2m8 tests[22m[2m)[22m[32m 9[2mms[22m[39m
 [32m✓[39m src/slack/monitor.test.ts [2m([22m[2m12 tests[22m[2m)[22m[32m 11[2mms[22m[39m
 [32m✓[39m src/cli/plugin-install-plan.test.ts [2m([22m[2m6 tests[22m[2m)[22m[32m 12[2mms[22m[39m
 [32m✓[39m src/plugin-sdk/root-alias.test.ts [2m([22m[2m5 tests[22m[2m)[22m[33m 189600[2mms[22m[39m
     [33m[2m✓[22m[39m preserves reflection semantics for lazily resolved exports [33m 189586[2mms[22m[39m
 [32m✓[39m src/memory/manager.get-concurrency.test.ts [2m([22m[2m2 tests[22m[2m)[22m[33m 343[2mms[22m[39m
 [32m✓[39m src/slack/stream-mode.test.ts [2m([22m[2m11 tests[22m[2m)[22m[32m 11[2mms[22m[39m
 [32m✓[39m src/cli/command-options.test.ts [2m([22m[2m7 tests[22m[2m)[22m[32m 12[2mms[22m[39m
 [32m✓[39m src/hooks/gmail-setup-utils.test.ts [2m([22m[2m3 tests[22m[2m)[22m[32m 15[2mms[22m[39m
 [32m✓[39m src/channels/draft-stream-controls.test.ts [2m([22m[2m6 tests[22m[2m)[22m[32m 12[2mms[22m[39m
 [32m✓[39m src/infra/heartbeat-runner.transcript-prune.test.ts [2m([22m[2m2 tests[22m[2m)[22m[32m 39[2mms[22m[39m
 [32m✓[39m src/plugin-sdk/allow-from.test.ts [2m([22m[2m10 tests[22m[2m)[22m[32m 10[2mms[22m[39m
 [32m✓[39m src/plugin-sdk/fetch-auth.test.ts [2m([22m[2m5 tests[22m[2m)[22m[32m 40[2mms[22m[39m
 [32m✓[39m src/logging/redact.test.ts [2m([22m[2m12 tests[22m[2m)[22m[32m 22[2mms[22m[39m
 [32m✓[39m src/providers/qwen-portal-oauth.test.ts [2m([22m[2m8 tests[22m[2m)[22m[32m 15[2mms[22m[39m
 [32m✓[39m src/node-host/invoke.sanitize-env.test.ts [2m([22m[2m9 tests[22m[2m)[22m[32m 15[2mms[22m[39m
 [32m✓[39m src/cron/isolated-agent/delivery-dispatch.named-agent.test.ts [2m([22m[2m11 tests[22m[2m)[22m[32m 10[2mms[22m[39m
 [32m✓[39m src/plugins/services.test.ts [2m([22m[2m2 tests[22m[2m)[22m[32m 11[2mms[22m[39m
 [32m✓[39m src/cli/models-cli.test.ts [2m([22m[2m4 tests[22m[2m)[22m[32m 47[2mms[22m[39m
 [32m✓[39m src/channels/plugins/onboarding/channel-access.test.ts [2m([22m[2m7 tests[22m[2m)[22m[32m 15[2mms[22m[39m
 [32m✓[39m src/cron/service.main-job-passes-heartbeat-target-last.test.ts [2m([22m[2m2 tests[22m[2m)[22m[32m 48[2mms[22m[39m
 [32m✓[39m src/channels/plugins/account-helpers.test.ts [2m([22m[2m15 tests[22m[2m)[22m[32m 23[2mms[22m[39m
 [32m✓[39m src/infra/outbound/target-resolver.test.ts [2m([22m[2m3 tests[22m[2m)[22m[32m 12[2mms[22m[39m
 [32m✓[39m src/memory/manager.watcher-config.test.ts [2m([22m[2m1 test[22m[2m)[22m[32m 38[2mms[22m[39m
 [32m✓[39m src/config/runtime-group-policy.test.ts [2m([22m[2m7 tests[22m[2m)[22m[32m 9[2mms[22m[39m
 [32m✓[39m src/cron/service.issue-19676-at-reschedule.test.ts [2m([22m[2m7 tests[22m[2m)[22m[32m 8[2mms[22m[39m
 [32m✓[39m src/config/config.acp-binding-cutover.test.ts [2m([22m[2m6 tests[22m[2m)[22m[32m 25[2mms[22m[39m
 [32m✓[39m src/test-helpers/state-dir-env.test.ts [2m([22m[2m4 tests[22m[2m)[22m[32m 17[2mms[22m[39m
 [32m✓[39m src/secrets/target-registry.test.ts [2m([22m[2m3 tests[22m[2m)[22m[32m 22[2mms[22m[39m
 [32m✓[39m src/process/exec.windows.test.ts [2m([22m[2m2 tests[22m[2m)[22m[32m 10[2mms[22m[39m
 [32m✓[39m src/whatsapp/normalize.test.ts [2m([22m[2m8 tests[22m[2m)[22m[32m 9[2mms[22m[39m
 [32m✓[39m src/memory/session-files.test.ts [2m([22m[2m3 tests[22m[2m)[22m[32m 23[2mms[22m[39m
 [32m✓[39m src/media/store.redirect.test.ts [2m([22m[2m2 tests[22m[2m)[22m[32m 30[2mms[22m[39m
 [32m✓[39m src/cron/service.issue-17852-daily-skip.test.ts [2m([22m[2m3 tests[22m[2m)[22m[32m 20[2mms[22m[39m
 [32m✓[39m src/cron/isolated-agent/run.interim-retry.test.ts [2m([22m[2m3 tests[22m[2m)[22m[32m 20[2mms[22m[39m
 [32m✓[39m src/tui/tui-local-shell.test.ts [2m([22m[2m2 tests[22m[2m)[22m[32m 10[2mms[22m[39m
 [32m✓[39m src/infra/provider-usage.format.test.ts [2m([22m[2m5 tests[22m[2m)[22m[32m 18[2mms[22m[39m
 [32m✓[39m src/slack/actions.blocks.test.ts [2m([22m[2m7 tests[22m[2m)[22m[32m 16[2mms[22m[39m
 [32m✓[39m src/config/config.irc.test.ts [2m([22m[2m7 tests[22m[2m)[22m[32m 22[2mms[22m[39m
 [32m✓[39m src/memory/manager.vector-dedupe.test.ts [2m([22m[2m1 test[22m[2m)[22m[32m 62[2mms[22m[39m
 [32m✓[39m src/memory/manager.async-search.test.ts [2m([22m[2m2 tests[22m[2m)[22m[32m 123[2mms[22m[39m
 [32m✓[39m src/plugin-sdk/index.test.ts [2m([22m[2m3 tests[22m[2m)[22m[32m 16[2mms[22m[39m
 [32m✓[39m src/dockerfile.test.ts [2m([22m[2m6 tests[22m[2m)[22m[32m 13[2mms[22m[39m
 [32m✓[39m src/cron/service.heartbeat-ok-summary-suppressed.test.ts [2m([22m[2m2 tests[22m[2m)[22m[32m 55[2mms[22m[39m
 [32m✓[39m src/install-sh-version.test.ts [2m([22m[2m3 tests[22m[2m)[22m[32m 234[2mms[22m[39m
 [32m✓[39m src/cli/channel-options.test.ts [2m([22m[2m4 tests[22m[2m)[22m[32m 43[2mms[22m[39m
 [32m✓[39m src/acp/runtime/session-identifiers.test.ts [2m([22m[2m5 tests[22m[2m)[22m[32m 10[2mms[22m[39m
 [32m✓[39m src/hooks/bundled/bootstrap-extra-files/handler.test.ts [2m([22m[2m2 tests[22m[2m)[22m[32m 30[2mms[22m[39m
 [32m✓[39m src/channels/plugins/outbound/whatsapp.sendpayload.test.ts [2m([22m[2m5 tests[22m[2m)[22m[32m 15[2mms[22m[39m
 [32m✓[39m src/plugins/slots.test.ts [2m([22m[2m5 tests[22m[2m)[22m[32m 10[2mms[22m[39m
 [32m✓[39m src/media-understanding/runner.deepgram.test.ts [2m([22m[2m1 test[22m[2m)[22m[32m 22[2mms[22m[39m
 [32m✓[39m src/infra/npm-integrity.test.ts [2m([22m[2m4 tests[22m[2m)[22m[32m 11[2mms[22m[39m
 [32m✓[39m src/imessage/targets.test.ts [2m([22m[2m12 tests[22m[2m)[22m[32m 18[2mms[22m[39m
 [32m✓[39m src/config/config.telegram-topic-agentid.test.ts [2m([22m[2m5 tests[22m[2m)[22m[32m 21[2mms[22m[39m
 [32m✓[39m src/entry.version-fast-path.test.ts [2m([22m[2m2 tests[22m[2m)[22m[32m 134[2mms[22m[39m
 [32m✓[39m src/secrets/plan.test.ts [2m([22m[2m6 tests[22m[2m)[22m[32m 9[2mms[22m[39m
 [32m✓[39m src/test-utils/env.test.ts [2m([22m[2m8 tests[22m[2m)[22m[32m 12[2mms[22m[39m
 [32m✓[39m src/process/supervisor/registry.test.ts [2m([22m[2m3 tests[22m[2m)[22m[32m 8[2mms[22m[39m
 [32m✓[39m src/signal/monitor.tool-result.pairs-uuid-only-senders-uuid-allowlist-entry.test.ts [2m([22m[2m2 tests[22m[2m)[22m[32m 25[2mms[22m[39m
 [32m✓[39m src/slack/format.test.ts [2m([22m[2m7 tests[22m[2m)[22m[32m 68[2mms[22m[39m
 [32m✓[39m src/markdown/ir.table-bullets.test.ts [2m([22m[2m7 tests[22m[2m)[22m[32m 44[2mms[22m[39m
 [32m✓[39m src/secrets/target-registry-pattern.test.ts [2m([22m[2m4 tests[22m[2m)[22m[32m 22[2mms[22m[39m
 [32m✓[39m src/channels/plugins/outbound/discord.sendpayload.test.ts [2m([22m[2m5 tests[22m[2m)[22m[32m 15[2mms[22m[39m
 [32m✓[39m src/memory/embedding-chunk-limits.test.ts [2m([22m[2m4 tests[22m[2m)[22m[32m 10[2mms[22m[39m
 [32m✓[39m src/infra/wsl.test.ts [2m([22m[2m10 tests[22m[2m)[22m[32m 12[2mms[22m[39m
 [32m✓[39m src/slack/monitor.threading.missing-thread-ts.test.ts [2m([22m[2m3 tests[22m[2m)[22m[32m 70[2mms[22m[39m
 [32m✓[39m src/imessage/monitor/inbound-processing.test.ts [2m([22m[2m4 tests[22m[2m)[22m[32m 20[2mms[22m[39m
 [32m✓[39m src/infra/outbound/targets.channel-resolution.test.ts [2m([22m[2m2 tests[22m[2m)[22m[32m 8[2mms[22m[39m
 [32m✓[39m src/cli/deps.test.ts [2m([22m[2m2 tests[22m[2m)[22m[32m 25[2mms[22m[39m
 [32m✓[39m src/docker-image-digests.test.ts [2m([22m[2m2 tests[22m[2m)[22m[32m 37[2mms[22m[39m
 [32m✓[39m src/slack/monitor/provider.reconnect.test.ts [2m([22m[2m6 tests[22m[2m)[22m[32m 15[2mms[22m[39m
 [32m✓[39m src/terminal/restore.test.ts [2m([22m[2m3 tests[22m[2m)[22m[32m 9[2mms[22m[39m
 [32m✓[39m src/infra/retry.test.ts [2m([22m[2m9 tests[22m[2m)[22m[32m 23[2mms[22m[39m
 [32m✓[39m src/acp/translator.stop-reason.test.ts [2m([22m[2m3 tests[22m[2m)[22m[32m 13[2mms[22m[39m
(node:34513) [OPENCLAW_TEST_WARNING] Warning: Visible warning
(Use `node --trace-warnings ...` to show where the warning was created)
 [32m✓[39m src/infra/warning-filter.test.ts [2m([22m[2m3 tests[22m[2m)[22m[32m 8[2mms[22m[39m
 [32m✓[39m src/config/sessions/delivery-info.test.ts [2m([22m[2m4 tests[22m[2m)[22m[32m 8[2mms[22m[39m
 [32m✓[39m src/config/sessions/disk-budget.test.ts [2m([22m[2m2 tests[22m[2m)[22m[32m 29[2mms[22m[39m
 [32m✓[39m src/channels/plugins/outbound/slack.sendpayload.test.ts [2m([22m[2m5 tests[22m[2m)[22m[32m 15[2mms[22m[39m
 [32m✓[39m src/channels/plugins/helpers.test.ts [2m([22m[2m4 tests[22m[2m)[22m[32m 8[2mms[22m[39m
 [32m✓[39m src/media/host.test.ts [2m([22m[2m3 tests[22m[2m)[22m[32m 14[2mms[22m[39m
 [32m✓[39m src/daemon/program-args.test.ts [2m([22m[2m3 tests[22m[2m)[22m[32m 10[2mms[22m[39m
 [32m✓[39m src/infra/heartbeat-active-hours.test.ts [2m([22m[2m7 tests[22m[2m)[22m[32m 35[2mms[22m[39m
 [32m✓[39m src/infra/exec-safe-bin-trust.test.ts [2m([22m[2m6 tests[22m[2m)[22m[32m 11[2mms[22m[39m
 [32m✓[39m src/link-understanding/detect.test.ts [2m([22m[2m10 tests[22m[2m)[22m[32m 15[2mms[22m[39m
 [32m✓[39m ui/src/ui/views/agents-utils.test.ts [2m([22m[2m7 tests[22m[2m)[22m[32m 22[2mms[22m[39m
 [32m✓[39m src/plugins/hooks.phase-hooks.test.ts [2m([22m[2m3 tests[22m[2m)[22m[32m 8[2mms[22m[39m
 [32m✓[39m src/infra/dotenv.test.ts [2m([22m[2m3 tests[22m[2m)[22m[32m 21[2mms[22m[39m
 [32m✓[39m src/plugins/runtime/index.test.ts [2m([22m[2m6 tests[22m[2m)[22m[32m 17[2mms[22m[39m
 [32m✓[39m src/slack/sent-thread-cache.test.ts [2m([22m[2m8 tests[22m[2m)[22m[32m 15[2mms[22m[39m
 [32m✓[39m src/channels/allow-from.test.ts [2m([22m[2m8 tests[22m[2m)[22m[32m 9[2mms[22m[39m
 [32m✓[39m src/infra/outbound/message.test.ts [2m([22m[2m2 tests[22m[2m)[22m[32m 13[2mms[22m[39m
 [32m✓[39m src/channels/command-gating.test.ts [2m([22m[2m8 tests[22m[2m)[22m[32m 8[2mms[22m[39m
 [32m✓[39m src/acp/runtime/registry.test.ts [2m([22m[2m6 tests[22m[2m)[22m[32m 11[2mms[22m[39m
 [32m✓[39m src/logging/console-timestamp.test.ts [2m([22m[2m4 tests[22m[2m)[22m[32m 37[2mms[22m[39m
 [32m✓[39m src/slack/channel-migration.test.ts [2m([22m[2m5 tests[22m[2m)[22m[32m 10[2mms[22m[39m
 [32m✓[39m src/config/config.talk-validation.test.ts [2m([22m[2m5 tests[22m[2m)[22m[32m 63[2mms[22m[39m
 [32m✓[39m src/hooks/hooks-install.test.ts [2m([22m[2m1 test[22m[2m)[22m[32m 77[2mms[22m[39m
 [32m✓[39m src/cron/isolated-agent/run.message-tool-policy.test.ts [2m([22m[2m3 tests[22m[2m)[22m[32m 19[2mms[22m[39m
 [32m✓[39m src/utils/run-with-concurrency.test.ts [2m([22m[2m3 tests[22m[2m)[22m[32m 9[2mms[22m[39m
 [32m✓[39m src/cron/isolated-agent.auth-profile-propagation.test.ts [2m([22m[2m1 test[22m[2m)[22m[32m 48[2mms[22m[39m
 [32m✓[39m src/infra/watch-node.test.ts [2m([22m[2m3 tests[22m[2m)[22m[32m 11[2mms[22m[39m
 [32m✓[39m src/memory/hybrid.test.ts [2m([22m[2m5 tests[22m[2m)[22m[32m 11[2mms[22m[39m
 [32m✓[39m src/process/spawn-utils.test.ts [2m([22m[2m3 tests[22m[2m)[22m[32m 11[2mms[22m[39m
 [32m✓[39m src/plugin-sdk/keyed-async-queue.test.ts [2m([22m[2m4 tests[22m[2m)[22m[32m 62[2mms[22m[39m
 [32m✓[39m src/cli/system-cli.test.ts [2m([22m[2m7 tests[22m[2m)[22m[32m 21[2mms[22m[39m
 [32m✓[39m src/slack/threading.test.ts [2m([22m[2m7 tests[22m[2m)[22m[32m 7[2mms[22m[39m
 [32m✓[39m src/config/runtime-overrides.test.ts [2m([22m[2m7 tests[22m[2m)[22m[32m 10[2mms[22m[39m
 [32m✓[39m src/secrets/command-config.test.ts [2m([22m[2m3 tests[22m[2m)[22m[32m 9[2mms[22m[39m
 [32m✓[39m src/pairing/pairing-challenge.test.ts [2m([22m[2m5 tests[22m[2m)[22m[32m 13[2mms[22m[39m
 [32m✓[39m src/media/inbound-path-policy.test.ts [2m([22m[2m5 tests[22m[2m)[22m[32m 9[2mms[22m[39m
 [32m✓[39m src/media-understanding/providers/openai/audio.test.ts [2m([22m[2m3 tests[22m[2m)[22m[32m 26[2mms[22m[39m
 [32m✓[39m src/node-host/invoke-browser.test.ts [2m([22m[2m2 tests[22m[2m)[22m[32m 15[2mms[22m[39m
 [32m✓[39m src/slack/monitor/events/message-subtype-handlers.test.ts [2m([22m[2m4 tests[22m[2m)[22m[32m 8[2mms[22m[39m
 [32m✓[39m src/infra/ssh-config.test.ts [2m([22m[2m3 tests[22m[2m)[22m[32m 20[2mms[22m[39m
 [32m✓[39m src/memory/manager.atomic-reindex.test.ts [2m([22m[2m1 test[22m[2m)[22m[32m 115[2mms[22m[39m
 [32m✓[39m src/infra/session-maintenance-warning.test.ts [2m([22m[2m1 test[22m[2m)[22m[32m 12[2mms[22m[39m
 [32m✓[39m src/infra/host-env-security.policy-parity.test.ts [2m([22m[2m1 test[22m[2m)[22m[32m 7[2mms[22m[39m
 [32m✓[39m src/plugin-sdk/ssrf-policy.test.ts [2m([22m[2m9 tests[22m[2m)[22m[32m 9[2mms[22m[39m
 [32m✓[39m src/cli/skills-cli.formatting.test.ts [2m([22m[2m2 tests[22m[2m)[22m[32m 14[2mms[22m[39m
 [32m✓[39m src/channels/channels-misc.test.ts [2m([22m[2m11 tests[22m[2m)[22m[32m 12[2mms[22m[39m
 [32m✓[39m src/markdown/ir.table-code.test.ts [2m([22m[2m4 tests[22m[2m)[22m[32m 22[2mms[22m[39m
 [32m✓[39m src/providers/google-shared.ensures-function-call-comes-after-user-turn.test.ts [2m([22m[2m2 tests[22m[2m)[22m[32m 12[2mms[22m[39m
 [32m✓[39m src/media/fetch.test.ts [2m([22m[2m4 tests[22m[2m)[22m[32m 52[2mms[22m[39m
 [32m✓[39m src/slack/monitor/auth.test.ts [2m([22m[2m4 tests[22m[2m)[22m[32m 9[2mms[22m[39m
 [32m✓[39m src/logging/console-settings.test.ts [2m([22m[2m2 tests[22m[2m)[22m[32m 35[2mms[22m[39m
 [32m✓[39m src/markdown/frontmatter.test.ts [2m([22m[2m8 tests[22m[2m)[22m[32m 28[2mms[22m[39m
 [32m✓[39m src/infra/runtime-guard.test.ts [2m([22m[2m5 tests[22m[2m)[22m[32m 13[2mms[22m[39m
 [32m✓[39m src/infra/node-pairing.test.ts [2m([22m[2m4 tests[22m[2m)[22m[32m 40[2mms[22m[39m
 [32m✓[39m src/infra/channel-summary.test.ts [2m([22m[2m1 test[22m[2m)[22m[32m 7[2mms[22m[39m
 [32m✓[39m src/cli/daemon-cli/register-service-commands.test.ts [2m([22m[2m2 tests[22m[2m)[22m[32m 13[2mms[22m[39m
 [32m✓[39m src/cli/route.test.ts [2m([22m[2m3 tests[22m[2m)[22m[32m 38[2mms[22m[39m
 [32m✓[39m src/slack/monitor/message-handler.debounce-key.test.ts [2m([22m[2m7 tests[22m[2m)[22m[32m 9[2mms[22m[39m
 [32m✓[39m src/media-understanding/providers/deepgram/audio.test.ts [2m([22m[2m3 tests[22m[2m)[22m[32m 24[2mms[22m[39m
 [32m✓[39m src/logging/timestamps.test.ts [2m([22m[2m9 tests[22m[2m)[22m[32m 44[2mms[22m[39m
 [32m✓[39m src/cli/program/action-reparse.test.ts [2m([22m[2m3 tests[22m[2m)[22m[32m 10[2mms[22m[39m
 [32m✓[39m src/infra/update-check.test.ts [2m([22m[2m5 tests[22m[2m)[22m[32m 11[2mms[22m[39m
 [32m✓[39m src/cli/program/register.backup.test.ts [2m([22m[2m5 tests[22m[2m)[22m[32m 57[2mms[22m[39m
 [32m✓[39m src/cron/service.issue-35195-backup-timing.test.ts [2m([22m[2m1 test[22m[2m)[22m[32m 42[2mms[22m[39m
 [32m✓[39m src/infra/git-root.test.ts [2m([22m[2m4 tests[22m[2m)[22m[32m 18[2mms[22m[39m
 [32m✓[39m src/channels/plugins/message-actions.test.ts [2m([22m[2m2 tests[22m[2m)[22m[32m 6[2mms[22m[39m
 [32m✓[39m src/plugins/wired-hooks-message.test.ts [2m([22m[2m4 tests[22m[2m)[22m[32m 11[2mms[22m[39m
 [32m✓[39m src/config/normalize-paths.test.ts [2m([22m[2m1 test[22m[2m)[22m[32m 15[2mms[22m[39m
 [32m✓[39m src/config/issue-format.test.ts [2m([22m[2m4 tests[22m[2m)[22m[32m 8[2mms[22m[39m
 [32m✓[39m src/config/config.discord.test.ts [2m([22m[2m2 tests[22m[2m)[22m[32m 40[2mms[22m[39m
 [32m✓[39m src/config/telegram-webhook-secret.test.ts [2m([22m[2m6 tests[22m[2m)[22m[32m 23[2mms[22m[39m
 [32m✓[39m src/plugins/enable.test.ts [2m([22m[2m6 tests[22m[2m)[22m[32m 8[2mms[22m[39m
 [32m✓[39m src/memory/manager.sync-errors-do-not-crash.test.ts [2m([22m[2m1 test[22m[2m)[22m[32m 80[2mms[22m[39m
 [32m✓[39m src/infra/system-presence.test.ts [2m([22m[2m3 tests[22m[2m)[22m[32m 12[2mms[22m[39m
 [32m✓[39m src/plugins/commands.test.ts [2m([22m[2m3 tests[22m[2m)[22m[32m 8[2mms[22m[39m
 [32m✓[39m src/config/validation.allowed-values.test.ts [2m([22m[2m4 tests[22m[2m)[22m[32m 20[2mms[22m[39m
 [32m✓[39m src/config/sessions/session-key.test.ts [2m([22m[2m6 tests[22m[2m)[22m[32m 7[2mms[22m[39m
 [32m✓[39m src/infra/path-alias-guards.test.ts [2m([22m[2m3 tests[22m[2m)[22m[32m 26[2mms[22m[39m
 [32m✓[39m src/channels/plugins/message-actions.security.test.ts [2m([22m[2m3 tests[22m[2m)[22m[32m 9[2mms[22m[39m
 [32m✓[39m src/logging/logger-env.test.ts [2m([22m[2m2 tests[22m[2m)[22m[32m 10[2mms[22m[39m
 [32m✓[39m src/media-understanding/providers/moonshot/video.test.ts [2m([22m[2m2 tests[22m[2m)[22m[32m 21[2mms[22m[39m
 [32m✓[39m src/memory/batch-http.test.ts [2m([22m[2m2 tests[22m[2m)[22m[32m 11[2mms[22m[39m
 [32m✓[39m src/poll-params.test.ts [2m([22m[2m9 tests[22m[2m)[22m[32m 10[2mms[22m[39m
 [32m✓[39m src/memory/qmd-scope.test.ts [2m([22m[2m6 tests[22m[2m)[22m[32m 8[2mms[22m[39m
 [32m✓[39m src/daemon/runtime-hints.test.ts [2m([22m[2m3 tests[22m[2m)[22m[32m 7[2mms[22m[39m
 [32m✓[39m src/infra/agent-events.test.ts [2m([22m[2m4 tests[22m[2m)[22m[32m 8[2mms[22m[39m
 [32m✓[39m src/infra/home-dir.test.ts [2m([22m[2m8 tests[22m[2m)[22m[32m 8[2mms[22m[39m
 [32m✓[39m src/signal/format.test.ts [2m([22m[2m7 tests[22m[2m)[22m[32m 38[2mms[22m[39m
 [32m✓[39m src/slack/http/registry.test.ts [2m([22m[2m5 tests[22m[2m)[22m[32m 10[2mms[22m[39m
 [32m✓[39m src/infra/provider-usage.fetch.zai.test.ts [2m([22m[2m3 tests[22m[2m)[22m[32m 15[2mms[22m[39m
 [32m✓[39m src/daemon/inspect.test.ts [2m([22m[2m3 tests[22m[2m)[22m[32m 9[2mms[22m[39m
 [32m✓[39m src/secrets/path-utils.test.ts [2m([22m[2m6 tests[22m[2m)[22m[32m 10[2mms[22m[39m
 [32m✓[39m src/infra/transport-ready.test.ts [2m([22m[2m3 tests[22m[2m)[22m[32m 14[2mms[22m[39m
 [32m✓[39m src/cli/program/register.setup.test.ts [2m([22m[2m4 tests[22m[2m)[22m[32m 51[2mms[22m[39m
 [32m✓[39m src/infra/run-node.test.ts [2m([22m[2m1 test[22m[2m)[22m[32m 23[2mms[22m[39m
 [32m✓[39m src/infra/heartbeat-reason.test.ts [2m([22m[2m5 tests[22m[2m)[22m[32m 7[2mms[22m[39m
 [32m✓[39m src/infra/outbound/channel-selection.test.ts [2m([22m[2m5 tests[22m[2m)[22m[32m 10[2mms[22m[39m
 [32m✓[39m src/media-understanding/format.test.ts [2m([22m[2m5 tests[22m[2m)[22m[32m 7[2mms[22m[39m
 [32m✓[39m src/plugin-sdk/reply-payload.test.ts [2m([22m[2m4 tests[22m[2m)[22m[32m 8[2mms[22m[39m
 [32m✓[39m src/plugin-sdk/temp-path.test.ts [2m([22m[2m4 tests[22m[2m)[22m[32m 14[2mms[22m[39m
 [32m✓[39m src/infra/install-safe-path.test.ts [2m([22m[2m5 tests[22m[2m)[22m[32m 18[2mms[22m[39m
 [32m✓[39m src/channels/plugins/config-helpers.test.ts [2m([22m[2m5 tests[22m[2m)[22m[32m 8[2mms[22m[39m
 [32m✓[39m src/providers/github-copilot-token.test.ts [2m([22m[2m3 tests[22m[2m)[22m[32m 8[2mms[22m[39m
 [32m✓[39m src/cli/browser-cli-manage.timeout-option.test.ts [2m([22m[2m1 test[22m[2m)[22m[32m 11[2mms[22m[39m
 [32m✓[39m src/hooks/gmail-watcher-lifecycle.test.ts [2m([22m[2m5 tests[22m[2m)[22m[32m 9[2mms[22m[39m
 [32m✓[39m src/channels/plugins/directory-config-helpers.test.ts [2m([22m[2m4 tests[22m[2m)[22m[32m 8[2mms[22m[39m
 [32m✓[39m src/shared/operator-scope-compat.test.ts [2m([22m[2m5 tests[22m[2m)[22m[32m 8[2mms[22m[39m
 [32m✓[39m src/imessage/monitor/sanitize-outbound.test.ts [2m([22m[2m11 tests[22m[2m)[22m[32m 10[2mms[22m[39m
 [32m✓[39m src/utils/transcript-tools.test.ts [2m([22m[2m7 tests[22m[2m)[22m[32m 9[2mms[22m[39m
 [32m✓[39m src/config/slack-http-config.test.ts [2m([22m[2m6 tests[22m[2m)[22m[32m 29[2mms[22m[39m
 [32m✓[39m src/signal/send-reactions.test.ts [2m([22m[2m3 tests[22m[2m)[22m[32m 18[2mms[22m[39m
 [32m✓[39m src/plugin-sdk/channel-config-helpers.test.ts [2m([22m[2m7 tests[22m[2m)[22m[32m 8[2mms[22m[39m
 [32m✓[39m src/shared/requirements.test.ts [2m([22m[2m6 tests[22m[2m)[22m[32m 9[2mms[22m[39m
 [32m✓[39m src/slack/accounts.test.ts [2m([22m[2m4 tests[22m[2m)[22m[32m 8[2mms[22m[39m
 [32m✓[39m src/slack/monitor/context.test.ts [2m([22m[2m2 tests[22m[2m)[22m[32m 8[2mms[22m[39m
 [32m✓[39m src/infra/npm-registry-spec.test.ts [2m([22m[2m5 tests[22m[2m)[22m[32m 8[2mms[22m[39m
 [32m✓[39m src/media/read-response-with-limit.test.ts [2m([22m[2m5 tests[22m[2m)[22m[32m 120[2mms[22m[39m
 [32m✓[39m src/process/supervisor/supervisor.pty-command.test.ts [2m([22m[2m2 tests[22m[2m)[22m[32m 36[2mms[22m[39m
 [32m✓[39m src/plugin-sdk/command-auth.test.ts [2m([22m[2m2 tests[22m[2m)[22m[32m 7[2mms[22m[39m
 [32m✓[39m src/acp/translator.set-session-mode.test.ts [2m([22m[2m3 tests[22m[2m)[22m[32m 13[2mms[22m[39m
 [32m✓[39m src/infra/retry-policy.test.ts [2m([22m[2m3 tests[22m[2m)[22m[32m 28[2mms[22m[39m
 [32m✓[39m src/slack/resolve-allowlist-common.test.ts [2m([22m[2m2 tests[22m[2m)[22m[32m 9[2mms[22m[39m
 [32m✓[39m src/infra/outbound/message-action-normalization.test.ts [2m([22m[2m6 tests[22m[2m)[22m[32m 11[2mms[22m[39m
 [32m✓[39m src/signal/probe.test.ts [2m([22m[2m6 tests[22m[2m)[22m[32m 8[2mms[22m[39m
 [32m✓[39m src/cli/program/context.test.ts [2m([22m[2m5 tests[22m[2m)[22m[32m 9[2mms[22m[39m
 [32m✓[39m src/cli/hooks-cli.test.ts [2m([22m[2m3 tests[22m[2m)[22m[32m 12[2mms[22m[39m
 [32m✓[39m src/process/exec.no-output-timer.test.ts [2m([22m[2m1 test[22m[2m)[22m[32m 11[2mms[22m[39m
 [32m✓[39m src/acp/policy.test.ts [2m([22m[2m4 tests[22m[2m)[22m[32m 8[2mms[22m[39m
 [32m✓[39m src/cron/store-migration.test.ts [2m([22m[2m2 tests[22m[2m)[22m[32m 11[2mms[22m[39m
 [32m✓[39m src/logging/log-file-size-cap.test.ts [2m([22m[2m3 tests[22m[2m)[22m[32m 241[2mms[22m[39m
 [32m✓[39m src/cli/run-main.profile-env.test.ts [2m([22m[2m1 test[22m[2m)[22m[32m 49[2mms[22m[39m
 [32m✓[39m src/utils/directive-tags.test.ts [2m([22m[2m6 tests[22m[2m)[22m[32m 8[2mms[22m[39m
 [32m✓[39m src/signal/format.visual.test.ts [2m([22m[2m7 tests[22m[2m)[22m[32m 30[2mms[22m[39m
 [32m✓[39m src/channels/conversation-label.test.ts [2m([22m[2m8 tests[22m[2m)[22m[32m 8[2mms[22m[39m
 [32m✓[39m src/slack/targets.test.ts [2m([22m[2m6 tests[22m[2m)[22m[32m 11[2mms[22m[39m
 [32m✓[39m src/config/config.gateway-tailscale-bind.test.ts [2m([22m[2m4 tests[22m[2m)[22m[32m 17[2mms[22m[39m
 [32m✓[39m src/shared/net/ip.test.ts [2m([22m[2m4 tests[22m[2m)[22m[32m 14[2mms[22m[39m
 [32m✓[39m src/channels/plugins/setup-helpers.test.ts [2m([22m[2m3 tests[22m[2m)[22m[32m 8[2mms[22m[39m
 [32m✓[39m src/security/dm-policy-channel-smoke.test.ts [2m([22m[2m6 tests[22m[2m)[22m[32m 11[2mms[22m[39m
 [32m✓[39m src/plugins/wired-hooks-llm.test.ts [2m([22m[2m3 tests[22m[2m)[22m[32m 11[2mms[22m[39m
 [32m✓[39m src/hooks/import-url.test.ts [2m([22m[2m7 tests[22m[2m)[22m[32m 12[2mms[22m[39m
 [32m✓[39m src/tts/prepare-text.test.ts [2m([22m[2m5 tests[22m[2m)[22m[32m 8[2mms[22m[39m
 [32m✓[39m src/logging/logger-settings.test.ts [2m([22m[2m2 tests[22m[2m)[22m[32m 10[2mms[22m[39m
 [32m✓[39m src/config/config.hooks-module-paths.test.ts [2m([22m[2m4 tests[22m[2m)[22m[32m 18[2mms[22m[39m
 [32m✓[39m src/slack/monitor/events/channels.test.ts [2m([22m[2m2 tests[22m[2m)[22m[32m 8[2mms[22m[39m
 [32m✓[39m src/wizard/session.test.ts [2m([22m[2m3 tests[22m[2m)[22m[32m 9[2mms[22m[39m
 [32m✓[39m src/memory/batch-output.test.ts [2m([22m[2m3 tests[22m[2m)[22m[32m 7[2mms[22m[39m
 [32m✓[39m src/acp/control-plane/runtime-cache.test.ts [2m([22m[2m2 tests[22m[2m)[22m[32m 10[2mms[22m[39m
 [32m✓[39m src/media/parse.test.ts [2m([22m[2m5 tests[22m[2m)[22m[32m 11[2mms[22m[39m
 [32m✓[39m src/cli/update-cli.option-collisions.test.ts [2m([22m[2m2 tests[22m[2m)[22m[32m 71[2mms[22m[39m
 [32m✓[39m src/config/config.discord-presence.test.ts [2m([22m[2m7 tests[22m[2m)[22m[32m 21[2mms[22m[39m
 [32m✓[39m src/config/io.eacces.test.ts [2m([22m[2m2 tests[22m[2m)[22m[32m 11[2mms[22m[39m
 [32m✓[39m src/security/audit-extra.sync.test.ts [2m([22m[2m7 tests[22m[2m)[22m[32m 10[2mms[22m[39m
 [32m✓[39m src/cron/service.get-job.test.ts [2m([22m[2m2 tests[22m[2m)[22m[32m 41[2mms[22m[39m
 [32m✓[39m src/hooks/bundled/boot-md/handler.gateway-startup.integration.test.ts [2m([22m[2m1 test[22m[2m)[22m[32m 8[2mms[22m[39m
 [32m✓[39m src/signal/client.test.ts [2m([22m[2m3 tests[22m[2m)[22m[32m 40[2mms[22m[39m
 [32m✓[39m src/cron/isolated-agent/run.owner-auth.test.ts [2m([22m[2m1 test[22m[2m)[22m[32m 35[2mms[22m[39m
 [32m✓[39m src/channels/model-overrides.test.ts [2m([22m[2m3 tests[22m[2m)[22m[32m 6[2mms[22m[39m
 [32m✓[39m src/sessions/send-policy.test.ts [2m([22m[2m5 tests[22m[2m)[22m[32m 7[2mms[22m[39m
 [32m✓[39m src/scripts/canvas-a2ui-copy.test.ts [2m([22m[2m3 tests[22m[2m)[22m[32m 23[2mms[22m[39m
 [32m✓[39m src/i18n/registry.test.ts [2m([22m[2m3 tests[22m[2m)[22m[32m 53[2mms[22m[39m
 [32m✓[39m src/channels/mention-gating.test.ts [2m([22m[2m5 tests[22m[2m)[22m[32m 8[2mms[22m[39m
 [32m✓[39m src/plugins/wired-hooks-session.test.ts [2m([22m[2m3 tests[22m[2m)[22m[32m 11[2mms[22m[39m
 [32m✓[39m src/cli/program/build-program.test.ts [2m([22m[2m1 test[22m[2m)[22m[32m 9[2mms[22m[39m
 [32m✓[39m src/channels/typing-start-guard.test.ts [2m([22m[2m4 tests[22m[2m)[22m[32m 10[2mms[22m[39m
 [32m✓[39m src/channels/plugins/outbound/signal.test.ts [2m([22m[2m2 tests[22m[2m)[22m[32m 12[2mms[22m[39m
 [32m✓[39m src/config/config.dm-policy-alias.test.ts [2m([22m[2m6 tests[22m[2m)[22m[32m 22[2mms[22m[39m
 [32m✓[39m src/slack/actions.read.test.ts [2m([22m[2m2 tests[22m[2m)[22m[32m 14[2mms[22m[39m
 [32m✓[39m src/cron/isolated-agent.direct-delivery-forum-topics.test.ts [2m([22m[2m1 test[22m[2m)[22m[32m 70[2mms[22m[39m
 [32m✓[39m src/infra/system-presence.version.test.ts [2m([22m[2m3 tests[22m[2m)[22m[32m 27[2mms[22m[39m
 [32m✓[39m src/acp/secret-file.test.ts [2m([22m[2m4 tests[22m[2m)[22m[32m 25[2mms[22m[39m
 [32m✓[39m src/routing/session-key.continuity.test.ts [2m([22m[2m3 tests[22m[2m)[22m[32m 7[2mms[22m[39m
 [32m✓[39m src/infra/outbound/message-action-params.test.ts [2m([22m[2m1 test[22m[2m)[22m[32m 22[2mms[22m[39m
 [32m✓[39m src/channels/inbound-debounce-policy.test.ts [2m([22m[2m3 tests[22m[2m)[22m[32m 13[2mms[22m[39m
 [32m✓[39m src/channels/plugins/outbound/imessage.test.ts [2m([22m[2m2 tests[22m[2m)[22m[32m 11[2mms[22m[39m
 [32m✓[39m src/test-utils/channel-plugins.test.ts [2m([22m[2m3 tests[22m[2m)[22m[32m 8[2mms[22m[39m
 [32m✓[39m src/slack/monitor/provider.auth-errors.test.ts [2m([22m[2m20 tests[22m[2m)[22m[32m 10[2mms[22m[39m
 [32m✓[39m src/plugin-sdk/channel-lifecycle.test.ts [2m([22m[2m3 tests[22m[2m)[22m[32m 64[2mms[22m[39m
 [32m✓[39m src/cron/isolated-agent/run.payload-fallbacks.test.ts [2m([22m[2m3 tests[22m[2m)[22m[32m 18[2mms[22m[39m
 [32m✓[39m src/config/merge-patch.proto-pollution.test.ts [2m([22m[2m4 tests[22m[2m)[22m[32m 7[2mms[22m[39m
 [32m✓[39m src/media/server.outside-workspace.test.ts [2m([22m[2m1 test[22m[2m)[22m[32m 55[2mms[22m[39m
 [32m✓[39m src/infra/heartbeat-runner.sender-prefers-delivery-target.test.ts [2m([22m[2m1 test[22m[2m)[22m[32m 49[2mms[22m[39m
 [32m✓[39m src/cron/service.prevents-duplicate-timers.test.ts [2m([22m[2m1 test[22m[2m)[22m[32m 58[2mms[22m[39m
 [32m✓[39m src/cli/browser-cli.test.ts [2m([22m[2m3 tests[22m[2m)[22m[32m 9[2mms[22m[39m
 [32m✓[39m src/channels/transport/stall-watchdog.test.ts [2m([22m[2m3 tests[22m[2m)[22m[32m 11[2mms[22m[39m
 [32m✓[39m src/utils/reaction-level.test.ts [2m([22m[2m5 tests[22m[2m)[22m[32m 7[2mms[22m[39m
 [32m✓[39m src/config/slack-token-validation.test.ts [2m([22m[2m4 tests[22m[2m)[22m[32m 20[2mms[22m[39m
 [32m✓[39m src/slack/monitor/allow-list.test.ts [2m([22m[2m3 tests[22m[2m)[22m[32m 7[2mms[22m[39m
 [32m✓[39m src/shared/avatar-policy.test.ts [2m([22m[2m5 tests[22m[2m)[22m[32m 8[2mms[22m[39m
 [32m✓[39m src/cron/stagger.test.ts [2m([22m[2m4 tests[22m[2m)[22m[32m 8[2mms[22m[39m
 [32m✓[39m src/signal/monitor.test.ts [2m([22m[2m6 tests[22m[2m)[22m[32m 7[2mms[22m[39m
 [32m✓[39m src/media-understanding/runner.vision-skip.test.ts [2m([22m[2m1 test[22m[2m)[22m[32m 8[2mms[22m[39m
 [32m✓[39m src/wizard/onboarding.completion.test.ts [2m([22m[2m2 tests[22m[2m)[22m[32m 9[2mms[22m[39m
 [32m✓[39m src/cron/service.issue-22895-every-next-run.test.ts [2m([22m[2m2 tests[22m[2m)[22m[32m 6[2mms[22m[39m
 [32m✓[39m src/memory/batch-status.test.ts [2m([22m[2m4 tests[22m[2m)[22m[32m 8[2mms[22m[39m
 [32m✓[39m src/config/sessions/cache-fields.test.ts [2m([22m[2m4 tests[22m[2m)[22m[32m 6[2mms[22m[39m
 [32m✓[39m src/config/io.owner-display-secret.test.ts [2m([22m[2m1 test[22m[2m)[22m[32m 47[2mms[22m[39m
 [32m✓[39m src/cron/service.list-page-sort-guards.test.ts [2m([22m[2m2 tests[22m[2m)[22m[32m 21[2mms[22m[39m
 [32m✓[39m src/acp/session-mapper.test.ts [2m([22m[2m2 tests[22m[2m)[22m[32m 9[2mms[22m[39m
 [32m✓[39m src/plugins/source-display.test.ts [2m([22m[2m3 tests[22m[2m)[22m[32m 6[2mms[22m[39m
 [32m✓[39m src/config/sessions/artifacts.test.ts [2m([22m[2m3 tests[22m[2m)[22m[32m 8[2mms[22m[39m
 [32m✓[39m src/daemon/runtime-binary.test.ts [2m([22m[2m6 tests[22m[2m)[22m[32m 8[2mms[22m[39m
 [32m✓[39m src/config/config.agent-concurrency-defaults.test.ts [2m([22m[2m4 tests[22m[2m)[22m[32m 32[2mms[22m[39m
 [32m✓[39m src/media-understanding/transcribe-audio.test.ts [2m([22m[2m3 tests[22m[2m)[22m[32m 10[2mms[22m[39m
 [32m✓[39m src/signal/identity.test.ts [2m([22m[2m7 tests[22m[2m)[22m[32m 9[2mms[22m[39m
 [32m✓[39m src/tui/tui-input-history.test.ts [2m([22m[2m7 tests[22m[2m)[22m[32m 13[2mms[22m[39m
 [32m✓[39m src/cli/plugins-config.test.ts [2m([22m[2m3 tests[22m[2m)[22m[32m 7[2mms[22m[39m
 [32m✓[39m src/config/sessions/explicit-session-key-normalization.test.ts [2m([22m[2m4 tests[22m[2m)[22m[32m 7[2mms[22m[39m
 [32m✓[39m src/slack/monitor/replies.test.ts [2m([22m[2m3 tests[22m[2m)[22m[32m 9[2mms[22m[39m
 [32m✓[39m src/infra/widearea-dns.test.ts [2m([22m[2m2 tests[22m[2m)[22m[32m 7[2mms[22m[39m
 [32m✓[39m src/markdown/whatsapp.test.ts [2m([22m[2m3 tests[22m[2m)[22m[32m 7[2mms[22m[39m
 [32m✓[39m src/imessage/monitor/monitor-provider.echo-cache.test.ts [2m([22m[2m3 tests[22m[2m)[22m[32m 9[2mms[22m[39m
 [32m✓[39m src/channels/plugins/normalize/telegram.test.ts [2m([22m[2m6 tests[22m[2m)[22m[32m 8[2mms[22m[39m
 [32m✓[39m src/config/talk-defaults.test.ts [2m([22m[2m2 tests[22m[2m)[22m[32m 16[2mms[22m[39m
 [32m✓[39m src/infra/parse-finite-number.test.ts [2m([22m[2m7 tests[22m[2m)[22m[32m 8[2mms[22m[39m
 [32m✓[39m src/plugins/hook-runner-global.test.ts [2m([22m[2m2 tests[22m[2m)[22m[32m 34[2mms[22m[39m
 [32m✓[39m src/infra/state-migrations.state-dir.test.ts [2m([22m[2m1 test[22m[2m)[22m[32m 11[2mms[22m[39m
 [32m✓[39m src/config/agent-dirs.test.ts [2m([22m[2m2 tests[22m[2m)[22m[32m 8[2mms[22m[39m
 [32m✓[39m src/cli/run-main.exit.test.ts [2m([22m[2m1 test[22m[2m)[22m[32m 9[2mms[22m[39m
 [32m✓[39m src/memory/embeddings-remote-fetch.test.ts [2m([22m[2m2 tests[22m[2m)[22m[32m 11[2mms[22m[39m
 [32m✓[39m src/config/config.meta-timestamp-coercion.test.ts [2m([22m[2m5 tests[22m[2m)[22m[32m 14[2mms[22m[39m
 [32m✓[39m src/signal/format.links.test.ts [2m([22m[2m3 tests[22m[2m)[22m[32m 31[2mms[22m[39m
 [32m✓[39m src/pairing/pairing-messages.test.ts [2m([22m[2m6 tests[22m[2m)[22m[32m 10[2mms[22m[39m
 [32m✓[39m src/cron/heartbeat-policy.test.ts [2m([22m[2m5 tests[22m[2m)[22m[32m 7[2mms[22m[39m
 [32m✓[39m src/config/config.identity-avatar.test.ts [2m([22m[2m3 tests[22m[2m)[22m[32m 28[2mms[22m[39m
 [32m✓[39m src/secrets/configure.test.ts [2m([22m[2m1 test[22m[2m)[22m[32m 9[2mms[22m[39m
 [32m✓[39m src/slack/monitor/message-handler/dispatch.streaming.test.ts [2m([22m[2m5 tests[22m[2m)[22m[32m 9[2mms[22m[39m
 [32m✓[39m src/channels/native-command-session-targets.test.ts [2m([22m[2m3 tests[22m[2m)[22m[32m 7[2mms[22m[39m
 [32m✓[39m src/security/safe-regex.test.ts [2m([22m[2m5 tests[22m[2m)[22m[32m 9[2mms[22m[39m
 [32m✓[39m src/shared/config-eval.test.ts [2m([22m[2m4 tests[22m[2m)[22m[32m 7[2mms[22m[39m
 [32m✓[39m src/cli/program/register.configure.test.ts [2m([22m[2m2 tests[22m[2m)[22m[32m 34[2mms[22m[39m
 [32m✓[39m src/slack/modal-metadata.test.ts [2m([22m[2m4 tests[22m[2m)[22m[32m 8[2mms[22m[39m
 [32m✓[39m src/imessage/monitor/loop-rate-limiter.test.ts [2m([22m[2m5 tests[22m[2m)[22m[32m 10[2mms[22m[39m
 [32m✓[39m src/plugins/wired-hooks-gateway.test.ts [2m([22m[2m3 tests[22m[2m)[22m[32m 10[2mms[22m[39m
 [32m✓[39m src/slack/blocks-input.test.ts [2m([22m[2m4 tests[22m[2m)[22m[32m 9[2mms[22m[39m
 [32m✓[39m src/infra/provider-usage.fetch.gemini.test.ts [2m([22m[2m2 tests[22m[2m)[22m[32m 15[2mms[22m[39m
 [32m✓[39m src/infra/env.test.ts [2m([22m[2m6 tests[22m[2m)[22m[32m 8[2mms[22m[39m
 [32m✓[39m src/plugin-sdk/slack-message-actions.test.ts [2m([22m[2m2 tests[22m[2m)[22m[32m 11[2mms[22m[39m
 [32m✓[39m src/cli/program/helpers.test.ts [2m([22m[2m16 tests[22m[2m)[22m[32m 11[2mms[22m[39m
 [32m✓[39m src/cli/daemon-cli-compat.test.ts [2m([22m[2m3 tests[22m[2m)[22m[32m 8[2mms[22m[39m
 [32m✓[39m src/channels/location.test.ts [2m([22m[2m4 tests[22m[2m)[22m[32m 7[2mms[22m[39m
 [32m✓[39m src/tui/tui-overlays.test.ts [2m([22m[2m2 tests[22m[2m)[22m[32m 9[2mms[22m[39m
 [32m✓[39m src/config/config.talk-api-key-fallback.test.ts [2m([22m[2m2 tests[22m[2m)[22m[32m 7[2mms[22m[39m
 [32m✓[39m src/cli/update-cli/progress.test.ts [2m([22m[2m3 tests[22m[2m)[22m[32m 7[2mms[22m[39m
 [32m✓[39m src/cli/banner.test.ts [2m([22m[2m3 tests[22m[2m)[22m[32m 36[2mms[22m[39m
 [32m✓[39m src/config/io.validation-fails-closed.test.ts [2m([22m[2m2 tests[22m[2m)[22m[32m 44[2mms[22m[39m
 [32m✓[39m src/shared/text/assistant-visible-text.test.ts [2m([22m[2m5 tests[22m[2m)[22m[32m 8[2mms[22m[39m
 [32m✓[39m src/channels/plugins/status-issues/bluebubbles.test.ts [2m([22m[2m3 tests[22m[2m)[22m[32m 8[2mms[22m[39m
 [32m✓[39m src/memory/qmd-query-parser.test.ts [2m([22m[2m6 tests[22m[2m)[22m[32m 12[2mms[22m[39m
 [32m✓[39m src/routing/account-id.test.ts [2m([22m[2m5 tests[22m[2m)[22m[32m 8[2mms[22m[39m
 [32m✓[39m src/media-understanding/runner.entries.guards.test.ts [2m([22m[2m3 tests[22m[2m)[22m[32m 8[2mms[22m[39m
 [32m✓[39m src/utils/usage-format.test.ts [2m([22m[2m3 tests[22m[2m)[22m[32m 7[2mms[22m[39m
 [32m✓[39m src/memory/post-json.test.ts [2m([22m[2m2 tests[22m[2m)[22m[32m 38[2mms[22m[39m
 [32m✓[39m src/cli/completion-fish.test.ts [2m([22m[2m4 tests[22m[2m)[22m[32m 7[2mms[22m[39m
 [32m✓[39m src/media/audio.test.ts [2m([22m[2m23 tests[22m[2m)[22m[32m 11[2mms[22m[39m
 [32m✓[39m src/hooks/module-loader.test.ts [2m([22m[2m5 tests[22m[2m)[22m[32m 7[2mms[22m[39m
 [32m✓[39m src/infra/safe-open-sync.test.ts [2m([22m[2m2 tests[22m[2m)[22m[32m 12[2mms[22m[39m
 [32m✓[39m src/wizard/onboarding.secret-input.test.ts [2m([22m[2m3 tests[22m[2m)[22m[32m 9[2mms[22m[39m
 [32m✓[39m src/cron/service/timeout-policy.test.ts [2m([22m[2m4 tests[22m[2m)[22m[32m 6[2mms[22m[39m
 [32m✓[39m src/channels/registry.helpers.test.ts [2m([22m[2m4 tests[22m[2m)[22m[32m 7[2mms[22m[39m
 [32m✓[39m src/terminal/prompt-select-styled.test.ts [2m([22m[2m1 test[22m[2m)[22m[32m 8[2mms[22m[39m
 [32m✓[39m src/plugins/installs.test.ts [2m([22m[2m3 tests[22m[2m)[22m[32m 9[2mms[22m[39m
 [32m✓[39m src/media-understanding/providers/mistral/index.test.ts [2m([22m[2m3 tests[22m[2m)[22m[32m 19[2mms[22m[39m
 [32m✓[39m src/cli/prompt.test.ts [2m([22m[2m2 tests[22m[2m)[22m[32m 6[2mms[22m[39m
 [32m✓[39m src/slack/resolve-users.test.ts [2m([22m[2m2 tests[22m[2m)[22m[32m 9[2mms[22m[39m
 [32m✓[39m src/config/zod-schema.session-maintenance-extensions.test.ts [2m([22m[2m5 tests[22m[2m)[22m[32m 17[2mms[22m[39m
 [32m✓[39m src/shared/string-normalization.test.ts [2m([22m[2m4 tests[22m[2m)[22m[32m 9[2mms[22m[39m
 [32m✓[39m test/scripts/ui.test.ts [2m([22m[2m5 tests[22m[2m)[22m[32m 9[2mms[22m[39m
 [32m✓[39m src/channels/telegram/api.test.ts [2m([22m[2m4 tests[22m[2m)[22m[32m 9[2mms[22m[39m
 [32m✓[39m src/tui/components/chat-log.test.ts [2m([22m[2m3 tests[22m[2m)[22m[32m 30[2mms[22m[39m
 [32m✓[39m src/infra/system-run-command.contract.test.ts [2m([22m[2m8 tests[22m[2m)[22m[32m 11[2mms[22m[39m
 [32m✓[39m src/config/config.multi-agent-agentdir-validation.test.ts [2m([22m[2m2 tests[22m[2m)[22m[32m 35[2mms[22m[39m
 [32m✓[39m src/config/zod-schema.talk.test.ts [2m([22m[2m6 tests[22m[2m)[22m[32m 16[2mms[22m[39m
 [32m✓[39m src/infra/archive-path.test.ts [2m([22m[2m3 tests[22m[2m)[22m[32m 8[2mms[22m[39m
 [32m✓[39m src/media/store.outside-workspace.test.ts [2m([22m[2m1 test[22m[2m)[22m[32m 18[2mms[22m[39m
 [32m✓[39m src/utils/normalize-secret-input.test.ts [2m([22m[2m6 tests[22m[2m)[22m[32m 8[2mms[22m[39m
 [32m✓[39m src/daemon/service.test.ts [2m([22m[2m4 tests[22m[2m)[22m[32m 8[2mms[22m[39m
 [32m✓[39m src/channels/run-state-machine.test.ts [2m([22m[2m3 tests[22m[2m)[22m[32m 9[2mms[22m[39m
 [32m✓[39m src/polls.test.ts [2m([22m[2m6 tests[22m[2m)[22m[32m 14[2mms[22m[39m
 [32m✓[39m src/tui/tui-waiting.test.ts [2m([22m[2m2 tests[22m[2m)[22m[32m 6[2mms[22m[39m
 [32m✓[39m src/infra/provider-usage.fetch.copilot.test.ts [2m([22m[2m2 tests[22m[2m)[22m[32m 15[2mms[22m[39m
 [32m✓[39m src/terminal/stream-writer.test.ts [2m([22m[2m2 tests[22m[2m)[22m[32m 7[2mms[22m[39m
 [32m✓[39m src/providers/github-copilot-models.test.ts [2m([22m[2m6 tests[22m[2m)[22m[32m 11[2mms[22m[39m
 [32m✓[39m src/daemon/systemd-unit.test.ts [2m([22m[2m3 tests[22m[2m)[22m[32m 8[2mms[22m[39m
 [32m✓[39m src/config/config.discord-agent-components.test.ts [2m([22m[2m3 tests[22m[2m)[22m[32m 21[2mms[22m[39m
 [32m✓[39m src/slack/client.test.ts [2m([22m[2m3 tests[22m[2m)[22m[32m 10[2mms[22m[39m
 [32m✓[39m src/channels/plugins/normalize/targets.test.ts [2m([22m[2m4 tests[22m[2m)[22m[32m 8[2mms[22m[39m
 [32m✓[39m src/channels/plugins/config-schema.test.ts [2m([22m[2m3 tests[22m[2m)[22m[32m 13[2mms[22m[39m
 [32m✓[39m src/channels/thread-binding-id.test.ts [2m([22m[2m3 tests[22m[2m)[22m[32m 7[2mms[22m[39m
 [32m✓[39m src/infra/exec-approvals-parity.test.ts [2m([22m[2m20 tests[22m[2m)[22m[32m 26[2mms[22m[39m
 [32m✓[39m src/logging/logger-timestamp.test.ts [2m([22m[2m1 test[22m[2m)[22m[32m 41[2mms[22m[39m
 [32m✓[39m src/logging/parse-log-line.test.ts [2m([22m[2m3 tests[22m[2m)[22m[32m 7[2mms[22m[39m
 [32m✓[39m src/channels/targets.test.ts [2m([22m[2m4 tests[22m[2m)[22m[32m 8[2mms[22m[39m
 [32m✓[39m src/infra/install-mode-options.test.ts [2m([22m[2m4 tests[22m[2m)[22m[32m 7[2mms[22m[39m
 [32m✓[39m src/daemon/systemd-hints.test.ts [2m([22m[2m3 tests[22m[2m)[22m[32m 7[2mms[22m[39m
 [32m✓[39m src/channels/plugins/status-issues/whatsapp.test.ts [2m([22m[2m3 tests[22m[2m)[22m[32m 9[2mms[22m[39m
 [32m✓[39m src/media-understanding/attachments.guards.test.ts [2m([22m[2m3 tests[22m[2m)[22m[32m 8[2mms[22m[39m
 [32m✓[39m src/config/telegram-webhook-port.test.ts [2m([22m[2m3 tests[22m[2m)[22m[32m 17[2mms[22m[39m
 [32m✓[39m src/config/plugins-runtime-boundary.test.ts [2m([22m[2m3 tests[22m[2m)[22m[32m 111[2mms[22m[39m
 [32m✓[39m src/cli/program/build-program.version-alias.test.ts [2m([22m[2m2 tests[22m[2m)[22m[32m 17[2mms[22m[39m
 [32m✓[39m src/imessage/probe.test.ts [2m([22m[2m1 test[22m[2m)[22m[32m 7[2mms[22m[39m
 [32m✓[39m src/cli/program/command-tree.test.ts [2m([22m[2m4 tests[22m[2m)[22m[32m 8[2mms[22m[39m
 [32m✓[39m src/cli/daemon-cli/gateway-token-drift.test.ts [2m([22m[2m2 tests[22m[2m)[22m[32m 7[2mms[22m[39m
 [32m✓[39m src/utils/message-channel.test.ts [2m([22m[2m2 tests[22m[2m)[22m[32m 6[2mms[22m[39m
 [32m✓[39m test/scripts/check-no-random-messaging-tmp.test.ts [2m([22m[2m5 tests[22m[2m)[22m[32m 23[2mms[22m[39m
 [32m✓[39m src/media-understanding/providers/index.test.ts [2m([22m[2m4 tests[22m[2m)[22m[32m 9[2mms[22m[39m
 [32m✓[39m src/cli/update-cli/shared.command-runner.test.ts [2m([22m[2m1 test[22m[2m)[22m[32m 8[2mms[22m[39m
 [32m✓[39m src/infra/outbound/conversation-id.test.ts [2m([22m[2m5 tests[22m[2m)[22m[32m 7[2mms[22m[39m
 [32m✓[39m src/channels/plugins/onboarding/signal.test.ts [2m([22m[2m5 tests[22m[2m)[22m[32m 10[2mms[22m[39m
 [32m✓[39m src/config/config.tools-alsoAllow.test.ts [2m([22m[2m3 tests[22m[2m)[22m[32m 18[2mms[22m[39m
 [32m✓[39m src/tui/commands.test.ts [2m([22m[2m4 tests[22m[2m)[22m[32m 11[2mms[22m[39m
 [32m✓[39m src/cli/program/program-context.test.ts [2m([22m[2m3 tests[22m[2m)[22m[32m 7[2mms[22m[39m
 [32m✓[39m src/docs/slash-commands-doc.test.ts [2m([22m[2m1 test[22m[2m)[22m[32m 12[2mms[22m[39m
 [32m✓[39m src/plugin-sdk/outbound-media.test.ts [2m([22m[2m2 tests[22m[2m)[22m[32m 9[2mms[22m[39m
 [32m✓[39m src/config/config.telegram-audio-preflight.test.ts [2m([22m[2m2 tests[22m[2m)[22m[32m 17[2mms[22m[39m
 [32m✓[39m src/cli/outbound-send-mapping.test.ts [2m([22m[2m1 test[22m[2m)[22m[32m 6[2mms[22m[39m
 [32m✓[39m test/scripts/check-no-raw-window-open.test.ts [2m([22m[2m4 tests[22m[2m)[22m[32m 23[2mms[22m[39m
 [32m✓[39m src/infra/file-identity.test.ts [2m([22m[2m6 tests[22m[2m)[22m[32m 7[2mms[22m[39m
 [32m✓[39m src/infra/provider-usage.shared.test.ts [2m([22m[2m4 tests[22m[2m)[22m[32m 9[2mms[22m[39m
 [32m✓[39m src/memory/batch-error-utils.test.ts [2m([22m[2m4 tests[22m[2m)[22m[32m 7[2mms[22m[39m
 [32m✓[39m src/daemon/cmd-argv.test.ts [2m([22m[2m12 tests[22m[2m)[22m[32m 11[2mms[22m[39m
 [32m✓[39m src/cli/progress.test.ts [2m([22m[2m2 tests[22m[2m)[22m[32m 8[2mms[22m[39m
 [32m✓[39m src/channels/sender-label.test.ts [2m([22m[2m4 tests[22m[2m)[22m[32m 7[2mms[22m[39m
 [32m✓[39m src/plugins/cli.test.ts [2m([22m[2m1 test[22m[2m)[22m[32m 8[2mms[22m[39m
 [32m✓[39m src/channels/plugins/outbound/whatsapp.poll.test.ts [2m([22m[2m1 test[22m[2m)[22m[32m 8[2mms[22m[39m
 [32m✓[39m src/slack/resolve-channels.test.ts [2m([22m[2m2 tests[22m[2m)[22m[32m 8[2mms[22m[39m
 [32m✓[39m src/sessions/transcript-events.test.ts [2m([22m[2m2 tests[22m[2m)[22m[32m 14[2mms[22m[39m
 [32m✓[39m src/imessage/monitor/provider.group-policy.test.ts [2m([22m[2m3 tests[22m[2m)[22m[32m 8[2mms[22m[39m
 [32m✓[39m test/appcast.test.ts [2m([22m[2m1 test[22m[2m)[22m[32m 64[2mms[22m[39m
 [32m✓[39m src/test-utils/temp-home.test.ts [2m([22m[2m1 test[22m[2m)[22m[32m 12[2mms[22m[39m
 [32m✓[39m src/media-understanding/defaults.test.ts [2m([22m[2m5 tests[22m[2m)[22m[32m 8[2mms[22m[39m
 [32m✓[39m src/slack/monitor/provider.group-policy.test.ts [2m([22m[2m3 tests[22m[2m)[22m[32m 7[2mms[22m[39m
 [32m✓[39m src/config/config.telegram-custom-commands.test.ts [2m([22m[2m2 tests[22m[2m)[22m[32m 15[2mms[22m[39m
 [32m✓[39m src/canvas-host/server.state-dir.test.ts [2m([22m[2m1 test[22m[2m)[22m[32m 22[2mms[22m[39m
 [32m✓[39m src/infra/system-run-approval-mismatch.contract.test.ts [2m([22m[2m3 tests[22m[2m)[22m[32m 6[2mms[22m[39m
 [32m✓[39m src/config/config.skills-entries-config.test.ts [2m([22m[2m2 tests[22m[2m)[22m[32m 11[2mms[22m[39m
 [32m✓[39m src/infra/provider-usage.fetch.shared.test.ts [2m([22m[2m3 tests[22m[2m)[22m[32m 8[2mms[22m[39m
 [32m✓[39m src/plugin-sdk/runtime.test.ts [2m([22m[2m2 tests[22m[2m)[22m[32m 9[2mms[22m[39m
 [32m✓[39m src/channels/account-snapshot-fields.test.ts [2m([22m[2m1 test[22m[2m)[22m[32m 6[2mms[22m[39m
 [32m✓[39m src/infra/fixed-window-rate-limit.test.ts [2m([22m[2m2 tests[22m[2m)[22m[32m 7[2mms[22m[39m
 [32m✓[39m src/infra/net/ssrf.dispatcher.test.ts [2m([22m[2m1 test[22m[2m)[22m[32m 7[2mms[22m[39m
 [32m✓[39m src/channels/plugins/account-action-gate.test.ts [2m([22m[2m3 tests[22m[2m)[22m[32m 5[2mms[22m[39m
 [32m✓[39m src/wizard/clack-prompter.test.ts [2m([22m[2m3 tests[22m[2m)[22m[32m 6[2mms[22m[39m
 [32m✓[39m src/config/config.msteams.test.ts [2m([22m[2m2 tests[22m[2m)[22m[32m 17[2mms[22m[39m
 [32m✓[39m src/memory/embeddings-model-normalize.test.ts [2m([22m[2m3 tests[22m[2m)[22m[32m 6[2mms[22m[39m
 [32m✓[39m src/acp/runtime/errors.test.ts [2m([22m[2m2 tests[22m[2m)[22m[32m 8[2mms[22m[39m
 [32m✓[39m src/infra/heartbeat-events-filter.test.ts [2m([22m[2m3 tests[22m[2m)[22m[32m 6[2mms[22m[39m
 [32m✓[39m src/cron/isolated-agent/run.session-key.test.ts [2m([22m[2m4 tests[22m[2m)[22m[32m 7[2mms[22m[39m
 [32m✓[39m src/slack/blocks-fallback.test.ts [2m([22m[2m3 tests[22m[2m)[22m[32m 6[2mms[22m[39m
 [32m✓[39m src/infra/skills-remote.test.ts [2m([22m[2m2 tests[22m[2m)[22m[32m 8[2mms[22m[39m
 [32m✓[39m src/cli/command-secret-resolution.coverage.test.ts [2m([22m[2m9 tests[22m[2m)[22m[32m 14[2mms[22m[39m
 [32m✓[39m src/channels/plugins/onboarding/telegram.test.ts [2m([22m[2m3 tests[22m[2m)[22m[32m 7[2mms[22m[39m
 [32m✓[39m src/cli/browser-cli-actions-input/shared.test.ts [2m([22m[2m4 tests[22m[2m)[22m[32m 10[2mms[22m[39m
 [32m✓[39m src/daemon/runtime-hints.windows-paths.test.ts [2m([22m[2m1 test[22m[2m)[22m[32m 13[2mms[22m[39m
 [32m✓[39m src/plugins/bundled-runtime-deps.test.ts [2m([22m[2m1 test[22m[2m)[22m[32m 6[2mms[22m[39m
 [32m✓[39m src/shared/text/join-segments.test.ts [2m([22m[2m5 tests[22m[2m)[22m[32m 6[2mms[22m[39m
 [32m✓[39m src/config/zod-schema.cron-retention.test.ts [2m([22m[2m3 tests[22m[2m)[22m[32m 15[2mms[22m[39m
 [32m✓[39m src/infra/scp-host.test.ts [2m([22m[2m2 tests[22m[2m)[22m[32m 6[2mms[22m[39m
 [32m✓[39m src/config/allowed-values.test.ts [2m([22m[2m2 tests[22m[2m)[22m[32m 8[2mms[22m[39m
 [32m✓[39m src/channels/telegram/allow-from.test.ts [2m([22m[2m2 tests[22m[2m)[22m[32m 6[2mms[22m[39m
 [32m✓[39m src/shared/node-list-parse.test.ts [2m([22m[2m2 tests[22m[2m)[22m[32m 7[2mms[22m[39m
 [32m✓[39m src/cli/command-secret-targets.test.ts [2m([22m[2m2 tests[22m[2m)[22m[32m 6[2mms[22m[39m
 [32m✓[39m src/cli/nodes-media-utils.test.ts [2m([22m[2m2 tests[22m[2m)[22m[32m 7[2mms[22m[39m
 [32m✓[39m src/logging/logger.settings.test.ts [2m([22m[2m3 tests[22m[2m)[22m[32m 6[2mms[22m[39m
 [32m✓[39m src/infra/abort-signal.test.ts [2m([22m[2m3 tests[22m[2m)[22m[32m 7[2mms[22m[39m
 [32m✓[39m src/media/load-options.test.ts [2m([22m[2m3 tests[22m[2m)[22m[32m 6[2mms[22m[39m
 [32m✓[39m src/plugins/runtime/gateway-request-scope.test.ts [2m([22m[2m1 test[22m[2m)[22m[32m 20[2mms[22m[39m
 [32m✓[39m src/config/legacy.shared.test.ts [2m([22m[2m1 test[22m[2m)[22m[32m 5[2mms[22m[39m
 [32m✓[39m src/memory/embeddings-mistral.test.ts [2m([22m[2m3 tests[22m[2m)[22m[32m 10[2mms[22m[39m
 [32m✓[39m src/acp/runtime/error-text.test.ts [2m([22m[2m2 tests[22m[2m)[22m[32m 6[2mms[22m[39m
 [32m✓[39m src/media/ffmpeg-exec.test.ts [2m([22m[2m3 tests[22m[2m)[22m[32m 6[2mms[22m[39m
 [32m✓[39m src/channels/plugins/onboarding/imessage.test.ts [2m([22m[2m3 tests[22m[2m)[22m[32m 8[2mms[22m[39m
 [32m✓[39m src/config/logging.test.ts [2m([22m[2m2 tests[22m[2m)[22m[32m 7[2mms[22m[39m
 [32m✓[39m src/channels/plugins/actions/reaction-message-id.test.ts [2m([22m[2m3 tests[22m[2m)[22m[32m 7[2mms[22m[39m
 [32m✓[39m src/infra/device-identity.state-dir.test.ts [2m([22m[2m1 test[22m[2m)[22m[32m 15[2mms[22m[39m
 [32m✓[39m src/routing/account-lookup.test.ts [2m([22m[2m2 tests[22m[2m)[22m[32m 6[2mms[22m[39m
 [32m✓[39m src/utils/mask-api-key.test.ts [2m([22m[2m3 tests[22m[2m)[22m[32m 6[2mms[22m[39m
 [32m✓[39m src/config/zod-schema.logging-levels.test.ts [2m([22m[2m2 tests[22m[2m)[22m[32m 13[2mms[22m[39m
 [32m✓[39m src/config/zod-schema.typing-mode.test.ts [2m([22m[2m2 tests[22m[2m)[22m[32m 13[2mms[22m[39m
 [32m✓[39m src/infra/cli-root-options.test.ts [2m([22m[2m2 tests[22m[2m)[22m[32m 6[2mms[22m[39m
 [32m✓[39m src/infra/system-message.test.ts [2m([22m[2m3 tests[22m[2m)[22m[32m 6[2mms[22m[39m
 [32m✓[39m src/config/telegram-actions-poll.test.ts [2m([22m[2m2 tests[22m[2m)[22m[32m 18[2mms[22m[39m
 [32m✓[39m src/cli/daemon-cli/shared.test.ts [2m([22m[2m2 tests[22m[2m)[22m[32m 6[2mms[22m[39m
 [32m✓[39m src/infra/exec-wrapper-resolution.test.ts [2m([22m[2m2 tests[22m[2m)[22m[32m 6[2mms[22m[39m
 [32m✓[39m src/cli/tagline.test.ts [2m([22m[2m3 tests[22m[2m)[22m[32m 7[2mms[22m[39m
 [32m✓[39m src/infra/secure-random.test.ts [2m([22m[2m2 tests[22m[2m)[22m[32m 7[2mms[22m[39m
 [32m✓[39m src/acp/event-mapper.test.ts [2m([22m[2m1 test[22m[2m)[22m[32m 7[2mms[22m[39m
 [32m✓[39m src/infra/update-channels.test.ts [2m([22m[2m3 tests[22m[2m)[22m[32m 6[2mms[22m[39m
 [32m✓[39m src/plugins/logger.test.ts [2m([22m[2m1 test[22m[2m)[22m[32m 7[2mms[22m[39m
 [32m✓[39m src/shared/string-sample.test.ts [2m([22m[2m3 tests[22m[2m)[22m[32m 6[2mms[22m[39m
 [32m✓[39m src/hooks/fire-and-forget.test.ts [2m([22m[2m2 tests[22m[2m)[22m[32m 7[2mms[22m[39m
 [32m✓[39m src/config/cache-utils.test.ts [2m([22m[2m2 tests[22m[2m)[22m[32m 6[2mms[22m[39m
 [32m✓[39m src/media/image-ops.helpers.test.ts [2m([22m[2m3 tests[22m[2m)[22m[32m 7[2mms[22m[39m
 [32m✓[39m src/plugin-sdk/request-url.test.ts [2m([22m[2m3 tests[22m[2m)[22m[32m 6[2mms[22m[39m
 [32m✓[39m src/slack/message-actions.test.ts [2m([22m[2m1 test[22m[2m)[22m[32m 7[2mms[22m[39m
 [32m✓[39m src/infra/path-safety.test.ts [2m([22m[2m2 tests[22m[2m)[22m[32m 6[2mms[22m[39m
 [32m✓[39m src/media/base64.test.ts [2m([22m[2m3 tests[22m[2m)[22m[32m 6[2mms[22m[39m
 [32m✓[39m src/plugin-sdk/allowlist-resolution.test.ts [2m([22m[2m1 test[22m[2m)[22m[32m 6[2mms[22m[39m
 [32m✓[39m src/infra/json-utf8-bytes.test.ts [2m([22m[2m2 tests[22m[2m)[22m[32m 5[2mms[22m[39m
 [32m✓[39m src/config/logging-max-file-bytes.test.ts [2m([22m[2m2 tests[22m[2m)[22m[32m 13[2mms[22m[39m
 [32m✓[39m src/infra/plain-object.test.ts [2m([22m[2m2 tests[22m[2m)[22m[32m 6[2mms[22m[39m
 [32m✓[39m src/plugin-sdk/text-chunking.test.ts [2m([22m[2m3 tests[22m[2m)[22m[32m 7[2mms[22m[39m
 [32m✓[39m src/terminal/ansi.test.ts [2m([22m[2m2 tests[22m[2m)[22m[32m 6[2mms[22m[39m
 [32m✓[39m src/sessions/session-id.test.ts [2m([22m[2m2 tests[22m[2m)[22m[32m 6[2mms[22m[39m
 [32m✓[39m test/ui.presenter-next-run.test.ts [2m([22m[2m2 tests[22m[2m)[22m[32m 30[2mms[22m[39m
 [32m✓[39m src/config/markdown-tables.test.ts [2m([22m[2m3 tests[22m[2m)[22m[32m 6[2mms[22m[39m
 [32m✓[39m src/cli/log-level-option.test.ts [2m([22m[2m2 tests[22m[2m)[22m[32m 6[2mms[22m[39m
 [32m✓[39m src/terminal/safe-text.test.ts [2m([22m[2m2 tests[22m[2m)[22m[32m 8[2mms[22m[39m
 [32m✓[39m src/cli/program.nodes-test-helpers.test.ts [2m([22m[2m1 test[22m[2m)[22m[32m 5[2mms[22m[39m
 [32m✓[39m src/plugins/runtime/types.contract.test.ts [2m([22m[2m1 test[22m[2m)[22m[32m 7[2mms[22m[39m

[2m Test Files [22m [1m[32m881 passed[39m[22m[90m (881)[39m
[2m      Tests [22m [1m[32m7180 passed[39m[22m[2m | [22m[33m2 skipped[39m[90m (7182)[39m
[2m   Start at [22m 14:39:53
[2m   Duration [22m 765.66s[2m (transform 60.24s, setup 87.80s, import 1035.93s, tests 237.34s, environment 172ms)[22m
